68.0 APEX_CODE,DEBUG;APEX_PROFILING,INFO;CALLOUT,INFO;DATA_ACCESS,NONE;DB,INFO;NBA,INFO;SYSTEM,INFO;VALIDATION,INFO;VISUALFORCE,INFO;WAVE,INFO;WORKFLOW,INFO
14:38:39.0 (314742)|USER_INFO|[EXTERNAL]|0053N000006tZLM|khazi.jahangeer@ilabank.com.uatx|(GMT+03:00) Arabian Standard Time (Asia/Kuwait)|GMT+03:00
14:38:39.0 (391654)|EXECUTION_STARTED
14:38:39.0 (409653)|CODE_UNIT_STARTED|[EXTERNAL]|apex://UserProfileController/ACTION$doSaveFieldUpdate
14:38:39.0 (7520128)|CODE_UNIT_STARTED|[EXTERNAL]|01p1t00000MLZX9|UserProfileController.doSaveFieldUpdate(Account)
14:38:39.0 (9541573)|SYSTEM_MODE_ENTER|true
14:38:39.0 (9615107)|SYSTEM_MODE_EXIT|true
14:38:39.0 (9648970)|SYSTEM_MODE_ENTER|true
14:38:39.0 (9660806)|SYSTEM_MODE_EXIT|true
14:38:39.0 (9664650)|SYSTEM_MODE_ENTER|true
14:38:39.0 (9667940)|SYSTEM_MODE_EXIT|true
14:38:39.0 (17787739)|SOQL_EXECUTE_BEGIN|[376]|Aggregations:0|select id, CIF__pc, Name, RecordTypeId ,Address_ID_Expiry_Date__pc,Applicable_Residency_Tax__pc,Arabic_Name__pc,Business_Address__pc,Business_Industry__pc,Business_Name__pc,PersonMailingPostalCode,Employer_Name__pc,Employment_Status__pc,Expected_Monthly_deposits__pc,Fatca_Customer__pc,FirstName,Gender__pc,Gross_Monthly_Income__pc,ID_Expiry_Date__pc,ID_Nationality__pc,ID_Number__pc,ID_Type__pc,LastName,MiddleName,Mobile_Country_Code__pc,Nationality__pc,PersonBirthdate,PersonEmail,PersonMailingCity,PersonMailingCountry,PersonMailingStreet,PersonMobilePhone,Proof_of_Address_ID_Type__pc,Proof_of_Address_Id__pc,Residency_Permit_Expiry__pc,Residency_Permit_Number__pc,Residency__pc,Sources_of_Funds__pc,Source_Found_specify__pc,Tax_Country_1_ID__pc,Tax_Country_1__pc,Tax_Country_2_ID__pc,Tax_Country_2__pc,Tax_Country_3_ID__pc,Tax_Country_4_ID__pc,Tax_Country_4__pc,US_Indicia__pc,Tax_Country_3__pc,ID_Number_2__pc,Address_ID_Issuance_Date__pc,Passport_Expiry_Date__pc,Account_Opening_Reason__pc,Employer_Address__pc,Employer_Country__pc,Place_of_Birth__pc,Place_of_birth_government__pc,Occupation__pc,Marital_Status__pc,Passport_Number__pc,Bypass_Geo_Location_Check__pc,Mailing_Apartment_Number__c,Mailing_Building_Number__c,Other_Sources_of_Fund__pc,Employer_City__pc,Mailing_Area__c,Expected_Amount_Range__pc,Guardian_CIF__pc,Minor__pc,Guardian_CPR__pc from Account where Id =:accId
14:38:39.0 (50778278)|SOQL_EXECUTE_END|[376]|Rows:1
14:38:39.0 (388385689)|SYSTEM_MODE_ENTER|true
14:38:39.0 (419176964)|USER_DEBUG|[392]|DEBUG|>>>>>>>>>Address_ID_Expiry_Date__pc> =====result=false
14:38:39.0 (421119099)|SYSTEM_MODE_ENTER|true
14:38:39.0 (421664275)|USER_DEBUG|[392]|DEBUG|>>>>>>>>>Applicable_Residency_Tax__pc> No====No=result=false
14:38:39.0 (423428994)|SYSTEM_MODE_ENTER|true
14:38:39.0 (423916594)|USER_DEBUG|[392]|DEBUG|>>>>>>>>>Arabic_Name__pc> راحو=====result=true
14:38:39.0 (425666403)|SYSTEM_MODE_ENTER|true
14:38:39.0 (426140036)|USER_DEBUG|[392]|DEBUG|>>>>>>>>>Business_Address__pc> =====result=false
14:38:39.0 (427803327)|SYSTEM_MODE_ENTER|true
14:38:39.0 (428209042)|USER_DEBUG|[392]|DEBUG|>>>>>>>>>Business_Industry__pc> =====result=false
14:38:39.0 (429720163)|SYSTEM_MODE_ENTER|true
14:38:39.0 (430131836)|USER_DEBUG|[392]|DEBUG|>>>>>>>>>Business_Name__pc> =====result=false
14:38:39.0 (431579796)|SYSTEM_MODE_ENTER|true
14:38:39.0 (431976881)|USER_DEBUG|[392]|DEBUG|>>>>>>>>>PersonMailingPostalCode> =====result=false
14:38:39.0 (433412490)|SYSTEM_MODE_ENTER|true
14:38:39.0 (433821786)|USER_DEBUG|[392]|DEBUG|>>>>>>>>>Employer_Name__pc> Abc====Abc=result=false
14:38:39.0 (435226404)|SYSTEM_MODE_ENTER|true
14:38:39.0 (435604461)|USER_DEBUG|[392]|DEBUG|>>>>>>>>>Employment_Status__pc> Employed====Employed=result=false
14:38:39.0 (436993016)|SYSTEM_MODE_ENTER|true
14:38:39.0 (437361071)|USER_DEBUG|[392]|DEBUG|>>>>>>>>>Expected_Monthly_deposits__pc> 750====750.00=result=true
14:38:39.0 (438788869)|SYSTEM_MODE_ENTER|true
14:38:39.0 (439130162)|USER_DEBUG|[392]|DEBUG|>>>>>>>>>Fatca_Customer__pc> false====false=result=false
14:38:39.0 (440477859)|SYSTEM_MODE_ENTER|true
14:38:39.0 (440875028)|USER_DEBUG|[392]|DEBUG|>>>>>>>>>FirstName> ANAS====ANAS=result=false
14:38:39.0 (442278546)|SYSTEM_MODE_ENTER|true
14:38:39.0 (442677306)|USER_DEBUG|[392]|DEBUG|>>>>>>>>>Gender__pc> M====M=result=false
14:38:39.0 (444045976)|SYSTEM_MODE_ENTER|true
14:38:39.0 (444402790)|USER_DEBUG|[392]|DEBUG|>>>>>>>>>Gross_Monthly_Income__pc> 750====750=result=false
14:38:39.0 (445757412)|SYSTEM_MODE_ENTER|true
14:38:39.0 (446118351)|USER_DEBUG|[392]|DEBUG|>>>>>>>>>ID_Expiry_Date__pc> 2027-09-10 00:00:00=====result=true
14:38:39.0 (447448654)|SYSTEM_MODE_ENTER|true
14:38:39.0 (448052334)|USER_DEBUG|[392]|DEBUG|>>>>>>>>>ID_Nationality__pc> JO====JO=result=false
14:38:39.0 (449404674)|SYSTEM_MODE_ENTER|true
14:38:39.0 (449771460)|USER_DEBUG|[392]|DEBUG|>>>>>>>>>ID_Number__pc> 5242525=====result=true
14:38:39.0 (451099148)|SYSTEM_MODE_ENTER|true
14:38:39.0 (451438725)|USER_DEBUG|[392]|DEBUG|>>>>>>>>>ID_Type__pc> Jordanian ID====Jordanian ID=result=false
14:38:39.0 (452712058)|SYSTEM_MODE_ENTER|true
14:38:39.0 (453064142)|USER_DEBUG|[392]|DEBUG|>>>>>>>>>LastName> RIDA====RIDA=result=false
14:38:39.0 (454350695)|SYSTEM_MODE_ENTER|true
14:38:39.0 (454702129)|USER_DEBUG|[392]|DEBUG|>>>>>>>>>MiddleName> IBRAHIM MOH'D====IBRAHIM MOH'D=result=false
14:38:39.0 (455875261)|SYSTEM_MODE_ENTER|true
14:38:39.0 (456130798)|USER_DEBUG|[392]|DEBUG|>>>>>>>>>Mobile_Country_Code__pc> +753=====result=true
14:38:39.0 (457081955)|SYSTEM_MODE_ENTER|true
14:38:39.0 (457466498)|USER_DEBUG|[392]|DEBUG|>>>>>>>>>Nationality__pc> JO====JO=result=false
14:38:39.0 (458647909)|SYSTEM_MODE_ENTER|true
14:38:39.0 (459002216)|USER_DEBUG|[392]|DEBUG|>>>>>>>>>PersonBirthdate> 1987-10-12 00:00:00====1987-10-12 00:00:00=result=false
14:38:39.0 (460354472)|SYSTEM_MODE_ENTER|true
14:38:39.0 (460674894)|USER_DEBUG|[392]|DEBUG|>>>>>>>>>PersonEmail> ridaanas1+aug18@gmail.com====ridaanas1+aug18@gmail.com=result=false
14:38:39.0 (461421227)|SYSTEM_MODE_ENTER|true
14:38:39.0 (461640476)|USER_DEBUG|[392]|DEBUG|>>>>>>>>>PersonMailingCity> Amman====Amman=result=false
14:38:39.0 (462447062)|SYSTEM_MODE_ENTER|true
14:38:39.0 (462728053)|USER_DEBUG|[392]|DEBUG|>>>>>>>>>PersonMailingCountry> JO====JO=result=false
14:38:39.0 (463662068)|SYSTEM_MODE_ENTER|true
14:38:39.0 (463952396)|USER_DEBUG|[392]|DEBUG|>>>>>>>>>PersonMailingStreet> deen, amman, 89, 98====amman,amman,37,84=result=true
14:38:39.0 (464863787)|SYSTEM_MODE_ENTER|true
14:38:39.0 (465157179)|USER_DEBUG|[392]|DEBUG|>>>>>>>>>PersonMobilePhone> 536343=====result=true
14:38:39.0 (466019821)|SYSTEM_MODE_ENTER|true
14:38:39.0 (466306418)|USER_DEBUG|[392]|DEBUG|>>>>>>>>>Proof_of_Address_ID_Type__pc> Bank Statement=====result=true
14:38:39.0 (467162507)|SYSTEM_MODE_ENTER|true
14:38:39.0 (467422884)|USER_DEBUG|[392]|DEBUG|>>>>>>>>>Proof_of_Address_Id__pc> =====result=false
14:38:39.0 (468369293)|SYSTEM_MODE_ENTER|true
14:38:39.0 (468635825)|USER_DEBUG|[392]|DEBUG|>>>>>>>>>Residency_Permit_Expiry__pc> =====result=false
14:38:39.0 (469610901)|SYSTEM_MODE_ENTER|true
14:38:39.0 (469938967)|USER_DEBUG|[392]|DEBUG|>>>>>>>>>Residency_Permit_Number__pc> =====result=false
14:38:39.0 (470795390)|SYSTEM_MODE_ENTER|true
14:38:39.0 (471051892)|USER_DEBUG|[392]|DEBUG|>>>>>>>>>Residency__pc> JO====JO=result=false
14:38:39.0 (471990020)|SYSTEM_MODE_ENTER|true
14:38:39.0 (472241014)|USER_DEBUG|[392]|DEBUG|>>>>>>>>>Sources_of_Funds__pc> Salary====Salary=result=false
14:38:39.0 (473007502)|SYSTEM_MODE_ENTER|true
14:38:39.0 (473230305)|USER_DEBUG|[392]|DEBUG|>>>>>>>>>Source_Found_specify__pc> =====result=false
14:38:39.0 (473995688)|SYSTEM_MODE_ENTER|true
14:38:39.0 (474235236)|USER_DEBUG|[392]|DEBUG|>>>>>>>>>Tax_Country_1_ID__pc> =====result=false
14:38:39.0 (474995048)|SYSTEM_MODE_ENTER|true
14:38:39.0 (475194056)|USER_DEBUG|[392]|DEBUG|>>>>>>>>>Tax_Country_1__pc> =====result=false
14:38:39.0 (475951008)|SYSTEM_MODE_ENTER|true
14:38:39.0 (476153401)|USER_DEBUG|[392]|DEBUG|>>>>>>>>>Tax_Country_2_ID__pc> =====result=false
14:38:39.0 (476891984)|SYSTEM_MODE_ENTER|true
14:38:39.0 (477082538)|USER_DEBUG|[392]|DEBUG|>>>>>>>>>Tax_Country_2__pc> =====result=false
14:38:39.0 (477878013)|SYSTEM_MODE_ENTER|true
14:38:39.0 (478116092)|USER_DEBUG|[392]|DEBUG|>>>>>>>>>Tax_Country_3_ID__pc> =====result=false
14:38:39.0 (478880150)|SYSTEM_MODE_ENTER|true
14:38:39.0 (479077146)|USER_DEBUG|[392]|DEBUG|>>>>>>>>>Tax_Country_4_ID__pc> =====result=false
14:38:39.0 (479815930)|SYSTEM_MODE_ENTER|true
14:38:39.0 (480002449)|USER_DEBUG|[392]|DEBUG|>>>>>>>>>Tax_Country_4__pc> =====result=false
14:38:39.0 (480737092)|SYSTEM_MODE_ENTER|true
14:38:39.0 (480924926)|USER_DEBUG|[392]|DEBUG|>>>>>>>>>US_Indicia__pc> false====false=result=false
14:38:39.0 (481660142)|SYSTEM_MODE_ENTER|true
14:38:39.0 (481859474)|USER_DEBUG|[392]|DEBUG|>>>>>>>>>Tax_Country_3__pc> =====result=false
14:38:39.0 (482588375)|SYSTEM_MODE_ENTER|true
14:38:39.0 (482787646)|USER_DEBUG|[392]|DEBUG|>>>>>>>>>ID_Number_2__pc> 4353436=====result=true
14:38:39.0 (484081051)|SYSTEM_MODE_ENTER|true
14:38:39.0 (484481006)|USER_DEBUG|[392]|DEBUG|>>>>>>>>>Address_ID_Issuance_Date__pc> =====result=false
14:38:39.0 (486079960)|SYSTEM_MODE_ENTER|true
14:38:39.0 (486440009)|USER_DEBUG|[392]|DEBUG|>>>>>>>>>Passport_Expiry_Date__pc> =====result=false
14:38:39.0 (487941965)|SYSTEM_MODE_ENTER|true
14:38:39.0 (488212406)|USER_DEBUG|[392]|DEBUG|>>>>>>>>>Account_Opening_Reason__pc> Salary transfer====Salary transfer=result=false
14:38:39.0 (489016154)|SYSTEM_MODE_ENTER|true
14:38:39.0 (489279079)|USER_DEBUG|[392]|DEBUG|>>>>>>>>>Employer_Address__pc> amman, amman====amman, amman=result=false
14:38:39.0 (490085187)|SYSTEM_MODE_ENTER|true
14:38:39.0 (490331299)|USER_DEBUG|[392]|DEBUG|>>>>>>>>>Employer_Country__pc> JO====JO=result=false
14:38:39.0 (491118935)|SYSTEM_MODE_ENTER|true
14:38:39.0 (491352017)|USER_DEBUG|[392]|DEBUG|>>>>>>>>>Place_of_Birth__pc> JO=====result=true
14:38:39.0 (492132163)|SYSTEM_MODE_ENTER|true
14:38:39.0 (492376918)|USER_DEBUG|[392]|DEBUG|>>>>>>>>>Place_of_birth_government__pc> jordan=====result=true
14:38:39.0 (493141446)|SYSTEM_MODE_ENTER|true
14:38:39.0 (493377589)|USER_DEBUG|[392]|DEBUG|>>>>>>>>>Occupation__pc> Testing====Testing=result=false
14:38:39.0 (494215658)|SYSTEM_MODE_ENTER|true
14:38:39.0 (494442402)|USER_DEBUG|[392]|DEBUG|>>>>>>>>>Marital_Status__pc> =====result=false
14:38:39.0 (495240964)|SYSTEM_MODE_ENTER|true
14:38:39.0 (495557508)|USER_DEBUG|[392]|DEBUG|>>>>>>>>>Passport_Number__pc> =====result=false
14:38:39.0 (496487622)|SYSTEM_MODE_ENTER|true
14:38:39.0 (496743910)|USER_DEBUG|[392]|DEBUG|>>>>>>>>>Bypass_Geo_Location_Check__pc> false====false=result=false
14:38:39.0 (497521292)|SYSTEM_MODE_ENTER|true
14:38:39.0 (497884751)|USER_DEBUG|[392]|DEBUG|>>>>>>>>>Mailing_Apartment_Number__c> 98=====result=true
14:38:39.0 (498937055)|SYSTEM_MODE_ENTER|true
14:38:39.0 (499221923)|USER_DEBUG|[392]|DEBUG|>>>>>>>>>Mailing_Building_Number__c> 89=====result=true
14:38:39.0 (500372320)|SYSTEM_MODE_ENTER|true
14:38:39.0 (500649228)|USER_DEBUG|[392]|DEBUG|>>>>>>>>>Other_Sources_of_Fund__pc> =====result=false
14:38:39.0 (501655039)|SYSTEM_MODE_ENTER|true
14:38:39.0 (502002886)|USER_DEBUG|[392]|DEBUG|>>>>>>>>>Employer_City__pc> Amman====Amman=result=false
14:38:39.0 (502909618)|SYSTEM_MODE_ENTER|true
14:38:39.0 (503232948)|USER_DEBUG|[392]|DEBUG|>>>>>>>>>Mailing_Area__c> deen=====result=true
14:38:39.0 (504348768)|SYSTEM_MODE_ENTER|true
14:38:39.0 (504707538)|USER_DEBUG|[392]|DEBUG|>>>>>>>>>Expected_Amount_Range__pc> =====result=false
14:38:39.0 (506013973)|SYSTEM_MODE_ENTER|true
14:38:39.0 (506406112)|USER_DEBUG|[392]|DEBUG|>>>>>>>>>Guardian_CIF__pc> =====result=false
14:38:39.0 (507459604)|SYSTEM_MODE_ENTER|true
14:38:39.0 (507823035)|USER_DEBUG|[392]|DEBUG|>>>>>>>>>Minor__pc> false====false=result=false
14:38:39.0 (509128431)|SYSTEM_MODE_ENTER|true
14:38:39.0 (509544889)|USER_DEBUG|[392]|DEBUG|>>>>>>>>>Guardian_CPR__pc> =====result=false
14:38:39.0 (510162305)|USER_DEBUG|[494]|DEBUG|Acc 1:Account:{Minor_Update__pc=false, ID_Number__pc=5242525, US_Indicia__pc=false, MiddleName_Update__pc=IBRAHIM MOH'D, ID_Number_Update__pc=54235363, Proof_of_Address_ID_Type_Update__pc=Bank Statement, Bypass_Geo_Location_Check_Update__pc=false, Mailing_Apartment_Number_Update__pc=90, Name=ANAS IBRAHIM MOH'D RIDA, Gross_Monthly_Income_Update__pc=750, ID_Number_2_Update__pc=9890554343, FirstName_Update__pc=ANAS, Nationality__pc=JO, Occupation_Update__pc=Testing, PersonMailingCity=Amman, PersonMailingCountry=JO, Employer_Name_Update__pc=Abc, Marital_Status_Update__pc=NEVER MARRIED, Sources_of_Funds__pc=Salary, Account_Opening_Reason__pc=Salary transfer, Place_of_birth_government__pc=jordan, Expected_Monthly_deposits__pc=750, ID_Nationality__pc=JO, PersonMailingStreet=deen, amman, 89, 98, Sources_of_Funds_Update__pc=Salary, Gross_Monthly_Income_Staff__pc=JOD 500 – JOD 999, Employer_Country_Update__pc=JO, Mailing_Building_Number_Update__pc=98, Place_of_Birth__pc=JO, Gender_Update__pc=M, Employer_Country__pc=JO, CIF__pc=10020985, PersonBirthdate=1987-10-12 00:00:00, Show_Info_Staff__pc=true, Proof_of_Address_ID_Type__pc=Bank Statement, Mailing_City_Update__pc=Amman, Employment_Status_Update__pc=Employed, Applicable_Residency_Tax_Update__pc=NO, ID_Expiry_Date__pc=2027-09-10 00:00:00, ID_Type_Update__pc=Jordanian ID, LastName=RIDA, Id=001Pw000010iZhWIAU, Mobile_Country_Code__pc=+753, Employer_Address_Update__pc=amman, amman, PersonEmail=ridaanas1+aug18@gmail.com, Occupation__pc=Testing, Mailing_Street_Update__pc=amman,amman,37,84, Employer_Name__pc=Abc, FATCA_Customer__pc=false, Place_of_Birth_Update__pc=JO, LastName_Update__pc=RIDA, Mailing_Area__c=deen, Applicable_Residency_Tax__pc=No, ID_Expiry_Date_Update__pc=2029-09-07 00:00:00, Arabic_Name_Update__pc=راحو, Mailing_Area_Update__pc=deen, ID_Number_2__pc=4353436, Expected_Monthly_deposits_Update__pc=750, Gross_Monthly_Income__pc=750, Document_Country_Update__pc=JO, Minor__pc=false, Region_Flag__c=Jordan, Place_of_birth_government_Update__pc=jordan, PersonMobilePhone=536343, RecordTypeId=0121t000000Z39kAAC, Email_Update__pc=ridaanas1+aug18@gmail.com, Arabic_Name__pc=راحو, Nationality_Update__pc=JO, ID_Similarity__pc=MATCH, Mobile_Update__pc=223432, Residency__pc=JO, FirstName=ANAS, Fatca_Customer_Update__pc=false, BirthDate_Update__pc=1987-10-12 00:00:00, Bypass_Geo_Location_Check__pc=false, Employer_City_Update__pc=Amman, MiddleName=IBRAHIM MOH'D, Mailing_Building_Number__c=89, Gender__pc=M, Residency_Update__pc=JO, Account_Opening_Reason_Update__pc=Salary transfer, Employer_City__pc=Amman, Mailing_Apartment_Number__c=98, ID_Validation_Status__pc=APPROVED_VERIFIED, Mailing_Country_Update__pc=JO, US_Indicia_Update__pc=false, Employer_Address__pc=amman, amman, ID_Type__pc=Jordanian ID, Mobile_Country_Code_Update__pc=+7365, Employment_Status__pc=Employed}
14:38:39.0 (514365064)|USER_DEBUG|[519]|DEBUG|updateAcc 2:Account:{Bypass_Validations__pc=true, Id=001Pw000010iZhWIAU, ID_Expiry_Date_Update__pc=2027-09-10 00:00:00, ID_Number_Update__pc=5242525, Mobile_Country_Code_Update__pc=+753, Mailing_Street_Update__pc=deen, amman, 89, 98, Mobile_Update__pc=536343, ID_Number_2_Update__pc=4353436, Marital_Status_Update__pc=null, Mailing_Apartment_Number_Update__pc=98, Mailing_Building_Number_Update__pc=89}
14:38:39.0 (514414866)|DML_BEGIN|[521]|Op:Update|Type:Account|Rows:1
14:38:39.0 (597846449)|CODE_UNIT_STARTED|[EXTERNAL]|Flow:Account
14:38:39.0 (597872038)|CODE_UNIT_FINISHED|Flow:Account
14:38:39.0 (601910182)|CODE_UNIT_STARTED|[EXTERNAL]|01q1t000000G9pt|Account on Account trigger event BeforeUpdate|__sfdc_trigger/Account
14:38:39.685 (685080511)|CUMULATIVE_LIMIT_USAGE
14:38:39.685 (685080511)|LIMIT_USAGE_FOR_NS|(default)|
  Number of SOQL queries: 1 out of 100
  Number of query rows: 1 out of 50000
  Number of SOSL queries: 0 out of 20
  Number of DML statements: 1 out of 150
  Number of Publish Immediate DML: 0 out of 150
  Number of DML rows: 1 out of 10000
  Maximum CPU time: 114 out of 10000
  Maximum heap size: 0 out of 10000000
  Number of callouts: 0 out of 100
  Number of Email Invocations: 0 out of 10
  Number of future calls: 0 out of 50
  Number of queueable jobs added to the queue: 0 out of 50
  Number of Mobile Apex push calls: 0 out of 10

14:38:39.685 (685080511)|CUMULATIVE_LIMIT_USAGE_END

14:38:39.0 (685325930)|CODE_UNIT_FINISHED|Account on Account trigger event BeforeUpdate|__sfdc_trigger/Account
14:38:39.0 (763827924)|CODE_UNIT_STARTED|[EXTERNAL]|Validation:PersonAccount:001Pw000010iZhW
14:38:39.0 (763853829)|VALIDATION_RULE|03dPw000003X8Zl|Require_Passport_No_When_IDType_Passport
14:38:39.0 (763993270)|VALIDATION_FORMULA|AND(
      ISPICKVAL(Region_Flag__pc, 'Jordan'),
      ISPICKVAL( ID_Type__pc , 'Passport'),
      ISBLANK( Passport_Number__pc ) 
)|Region_Flag__pc=Jordan , ID_Type__pc=Jordanian ID , Passport_Number__pc=null
14:38:39.0 (763999155)|VALIDATION_PASS
14:38:39.0 (764000318)|VALIDATION_RULE|03dPw000003X8Zm|Validate_Passport_Expiry_Date
14:38:39.0 (764076179)|VALIDATION_FORMULA|AND(
     ISPICKVAL( Region_Flag__pc , 'Jordan'),
      Passport_Expiry_Date__pc <  TODAY()  
)|Passport_Expiry_Date__pc=null , Region_Flag__pc=Jordan
14:38:39.0 (764079147)|VALIDATION_PASS
14:38:39.0 (764080007)|VALIDATION_RULE|03d1t000000INGL|Account_Info_cannot_be_edited_directly
14:38:39.0 (770519397)|VALIDATION_FORMULA|Bypass_Validations__pc = false && ISCHANGED(  Name  ) &&   $User.LastName <> "Integration" && $User.LastName <> "Pandey" && $User.LastName <> "Manickam" && $User.LastName <> "El Izmirli" && $User.Name_Change_Access__c = false|$User.LastName=Mohamed , Bypass_Validations__pc=1 , $User.Name_Change_Access__c=0 , Name=ANAS IBRAHIM MOH'D RIDA
14:38:39.0 (770537793)|VALIDATION_PASS
14:38:39.0 (770540413)|VALIDATION_RULE|03d3N000000oV4J|DisallowArchivingIfCustomerIsBlackListed
14:38:39.0 (770751188)|VALIDATION_FORMULA|ISCHANGED(Archived__pc) && Archived__pc == true && Blacklisted__c == true|Archived__pc=0 , Blacklisted__c=0
14:38:39.0 (770755252)|VALIDATION_PASS
14:38:39.0 (770756727)|VALIDATION_RULE|03d3N000000gTtg|Region_Flag_Change_Prevention
14:38:39.0 (771361809)|VALIDATION_FORMULA|AND 
(
				  NOT($Setup.Setting__c.Bypass_Validation_Rules__c),
        ISCHANGED( Region_Flag__c )  
      )|$Setup.Setting__c.Bypass_Validation_Rules__c=null , Region_Flag__c=Jordan
14:38:39.0 (771369099)|VALIDATION_PASS
14:38:39.0 (771370623)|VALIDATION_RULE|03d3N000000gTth|Region_Flag_not_Empty
14:38:39.0 (771778253)|VALIDATION_FORMULA|AND 
(
				  NOT($Setup.Setting__c.Bypass_Validation_Rules__c),
				  ISBLANK(TEXT( Region_Flag__c )))|$Setup.Setting__c.Bypass_Validation_Rules__c=null , Region_Flag__c=Jordan
14:38:39.0 (771785423)|VALIDATION_PASS
14:38:39.0 (771791962)|CODE_UNIT_FINISHED|Validation:PersonAccount:001Pw000010iZhW
14:38:39.0 (862265727)|CODE_UNIT_STARTED|[EXTERNAL]|01q1t000000G9pt|Account on Account trigger event AfterUpdate|__sfdc_trigger/Account
14:38:39.0 (865593052)|USER_DEBUG|[357]|DEBUG|accItem.RecordTypeId&#124;&#124;0121t000000Z39kAAC
14:38:39.0 (865643548)|USER_DEBUG|[358]|DEBUG|oldmap.get(accItem.Id).RecordTypeId&#124;&#124;0121t000000Z39kAAC
14:38:39.0 (865656749)|USER_DEBUG|[359]|DEBUG|recordTypeId&#124;&#124;0121t000000Z3ehAAC
14:38:39.0 (865692859)|USER_DEBUG|[361]|DEBUG|Old Account Name in after update:null
14:38:39.0 (865724373)|USER_DEBUG|[362]|DEBUG|New Account Name in after update:null
14:38:39.0 (865757263)|USER_DEBUG|[364]|DEBUG|Old Last Name in after update:RIDA
14:38:39.0 (865895374)|USER_DEBUG|[365]|DEBUG|New Last Name in after update:RIDA
14:38:39.0 (867532254)|USER_DEBUG|[388]|DEBUG|Check Recursive Run Once Value :true
14:38:39.0 (867746832)|USER_DEBUG|[411]|DEBUG|swapna==>null
14:38:39.0 (868661337)|USER_DEBUG|[503]|DEBUG|updatecaseflag==>{}
14:38:39.0 (868687364)|USER_DEBUG|[513]|DEBUG|updatecasesList==>()
14:38:39.0 (868732150)|USER_DEBUG|[521]|DEBUG|Number Of Queuable Jobs executed:0
14:38:39.0 (868749944)|USER_DEBUG|[527]|DEBUG|Number Of Queuable Jobs After Review Status executed:0
14:38:39.868 (868778483)|CUMULATIVE_LIMIT_USAGE
14:38:39.868 (868778483)|LIMIT_USAGE_FOR_NS|(default)|
  Number of SOQL queries: 1 out of 100
  Number of query rows: 1 out of 50000
  Number of SOSL queries: 0 out of 20
  Number of DML statements: 1 out of 150
  Number of Publish Immediate DML: 0 out of 150
  Number of DML rows: 1 out of 10000
  Maximum CPU time: 369 out of 10000
  Maximum heap size: 0 out of 10000000
  Number of callouts: 0 out of 100
  Number of Email Invocations: 0 out of 10
  Number of future calls: 0 out of 50
  Number of queueable jobs added to the queue: 0 out of 50
  Number of Mobile Apex push calls: 0 out of 10

14:38:39.868 (868778483)|CUMULATIVE_LIMIT_USAGE_END

14:38:39.0 (868965776)|CODE_UNIT_FINISHED|Account on Account trigger event AfterUpdate|__sfdc_trigger/Account
14:38:39.873 (873103798)|CUMULATIVE_LIMIT_USAGE
14:38:39.873 (873103798)|LIMIT_USAGE_FOR_NS|(default)|
  Number of SOQL queries: 1 out of 100
  Number of query rows: 1 out of 50000
  Number of SOSL queries: 0 out of 20
  Number of DML statements: 1 out of 150
  Number of Publish Immediate DML: 0 out of 150
  Number of DML rows: 1 out of 10000
  Maximum CPU time: 369 out of 10000
  Maximum heap size: 0 out of 10000000
  Number of callouts: 0 out of 100
  Number of Email Invocations: 0 out of 10
  Number of future calls: 0 out of 50
  Number of queueable jobs added to the queue: 0 out of 50
  Number of Mobile Apex push calls: 0 out of 10

14:38:39.873 (873103798)|CUMULATIVE_LIMIT_USAGE_END

14:38:39.0 (875189726)|CODE_UNIT_STARTED|[EXTERNAL]|Workflow:Account
14:38:39.0 (879875235)|WF_RULE_EVAL_BEGIN|Workflow
14:38:39.0 (879968408)|WF_CRITERIA_BEGIN|[Person Account: ANAS IBRAHIM MOH'D RIDA 001Pw000010iZhW]|LastMobilUpdate|01Q3N000000PdM4|ON_ALL_CHANGES|0
14:38:39.0 (880378856)|WF_FORMULA|Formula:ENCODED:[treatNullAsNull]ISCHANGED( {!ID:PersonMobilePhone} )|Values:PersonMobilePhone=null
14:38:39.0 (880400403)|WF_CRITERIA_END|false
14:38:39.0 (880418363)|WF_CRITERIA_BEGIN|[Person Account: ANAS IBRAHIM MOH'D RIDA 001Pw000010iZhW]|LastEmailUpdate|01Q3N000000PdM3|ON_ALL_CHANGES|0
14:38:39.0 (880584366)|WF_FORMULA|Formula:ENCODED:[treatNullAsNull]ISCHANGED( {!ID:PersonEmail} )|Values:PersonEmail=ridaanas1+aug18@gmail.com
14:38:39.0 (880590498)|WF_CRITERIA_END|false
14:38:39.0 (880602115)|WF_CRITERIA_BEGIN|[Person Account: ANAS IBRAHIM MOH'D RIDA 001Pw000010iZhW]|Account301Pw00000xvn8j|01QPw000007m0bB|ON_ALL_CHANGES|0
14:38:39.0 (880650012)|WF_FORMULA|Formula:ENCODED:[treatNullAsNull]true|Values:
14:38:39.0 (880669208)|WF_CRITERIA_END|true
14:38:39.0 (882499549)|WF_SPOOL_ACTION_BEGIN|Workflow
14:38:39.0 (882538077)|WF_ACTION| Flow Trigger: 1;
14:38:39.0 (882542711)|WF_RULE_EVAL_END
14:38:39.887 (887542577)|FLOW_CREATE_INTERVIEW_BEGIN|00D3N0000003Dz1|3001t000000gIom|301Pw00000xvn8j
14:38:39.887 (889827222)|FLOW_CREATE_INTERVIEW_END|2392a193216226e2db0de07b8211a061ce197-47c6|Account
14:38:39.0 (889857923)|WF_FLOW_ACTION_BEGIN|09LPw000000XDT7
14:38:39.890 (890881070)|FLOW_START_INTERVIEWS_BEGIN|1
14:38:39.890 (890923901)|FLOW_START_INTERVIEW_BEGIN|2392a193216226e2db0de07b8211a061ce197-47c6|Account
14:38:39.890 (1000462312)|FLOW_START_INTERVIEW_END|2392a193216226e2db0de07b8211a061ce197-47c6|Account
14:38:40.17 (1017735072)|CODE_UNIT_STARTED|[EXTERNAL]|01q1t000000G9pt|Account on Account trigger event BeforeUpdate|__sfdc_trigger/Account
14:38:40.19 (1019091902)|CUMULATIVE_LIMIT_USAGE
14:38:40.19 (1019091902)|LIMIT_USAGE_FOR_NS|(default)|
  Number of SOQL queries: 2 out of 100
  Number of query rows: 2 out of 50000
  Number of SOSL queries: 0 out of 20
  Number of DML statements: 2 out of 150
  Number of Publish Immediate DML: 0 out of 150
  Number of DML rows: 2 out of 10000
  Maximum CPU time: 460 out of 10000
  Maximum heap size: 0 out of 10000000
  Number of callouts: 0 out of 100
  Number of Email Invocations: 0 out of 10
  Number of future calls: 0 out of 50
  Number of queueable jobs added to the queue: 0 out of 50
  Number of Mobile Apex push calls: 0 out of 10

14:38:40.19 (1019091902)|CUMULATIVE_LIMIT_USAGE_END

14:38:40.17 (1019334522)|CODE_UNIT_FINISHED|Account on Account trigger event BeforeUpdate|__sfdc_trigger/Account
14:38:40.21 (1021495390)|CODE_UNIT_STARTED|[EXTERNAL]|Validation:PersonAccount:001Pw000010iZhW
14:38:40.21 (1021513716)|VALIDATION_RULE|03dPw000003X8Zl|Require_Passport_No_When_IDType_Passport
14:38:40.21 (1021619438)|VALIDATION_FORMULA|AND(
      ISPICKVAL(Region_Flag__pc, 'Jordan'),
      ISPICKVAL( ID_Type__pc , 'Passport'),
      ISBLANK( Passport_Number__pc ) 
)|Region_Flag__pc=Jordan , ID_Type__pc=Jordanian ID , Passport_Number__pc=null
14:38:40.21 (1021623379)|VALIDATION_PASS
14:38:40.21 (1021624522)|VALIDATION_RULE|03dPw000003X8Zm|Validate_Passport_Expiry_Date
14:38:40.21 (1021687851)|VALIDATION_FORMULA|AND(
     ISPICKVAL( Region_Flag__pc , 'Jordan'),
      Passport_Expiry_Date__pc <  TODAY()  
)|Passport_Expiry_Date__pc=null , Region_Flag__pc=Jordan
14:38:40.21 (1021690888)|VALIDATION_PASS
14:38:40.21 (1021691692)|VALIDATION_RULE|03d1t000000INGL|Account_Info_cannot_be_edited_directly
14:38:40.21 (1022073451)|VALIDATION_FORMULA|Bypass_Validations__pc = false && ISCHANGED(  Name  ) &&   $User.LastName <> "Integration" && $User.LastName <> "Pandey" && $User.LastName <> "Manickam" && $User.LastName <> "El Izmirli" && $User.Name_Change_Access__c = false|$User.LastName=Mohamed , Bypass_Validations__pc=1 , $User.Name_Change_Access__c=0 , Name=ANAS IBRAHIM MOH'D RIDA
14:38:40.21 (1022079047)|VALIDATION_PASS
14:38:40.21 (1022080112)|VALIDATION_RULE|03d3N000000oV4J|DisallowArchivingIfCustomerIsBlackListed
14:38:40.21 (1022175887)|VALIDATION_FORMULA|ISCHANGED(Archived__pc) && Archived__pc == true && Blacklisted__c == true|Archived__pc=0 , Blacklisted__c=0
14:38:40.21 (1022178343)|VALIDATION_PASS
14:38:40.21 (1022179070)|VALIDATION_RULE|03d3N000000gTtg|Region_Flag_Change_Prevention
14:38:40.21 (1022672681)|VALIDATION_FORMULA|AND 
(
				  NOT($Setup.Setting__c.Bypass_Validation_Rules__c),
        ISCHANGED( Region_Flag__c )  
      )|$Setup.Setting__c.Bypass_Validation_Rules__c=null , Region_Flag__c=Jordan
14:38:40.21 (1022681757)|VALIDATION_PASS
14:38:40.21 (1022683344)|VALIDATION_RULE|03d3N000000gTth|Region_Flag_not_Empty
14:38:40.21 (1022913331)|VALIDATION_FORMULA|AND 
(
				  NOT($Setup.Setting__c.Bypass_Validation_Rules__c),
				  ISBLANK(TEXT( Region_Flag__c )))|$Setup.Setting__c.Bypass_Validation_Rules__c=null , Region_Flag__c=Jordan
14:38:40.21 (1022916310)|VALIDATION_PASS
14:38:40.21 (1022921899)|CODE_UNIT_FINISHED|Validation:PersonAccount:001Pw000010iZhW
14:38:40.84 (1084779771)|CODE_UNIT_STARTED|[EXTERNAL]|01q1t000000G9pt|Account on Account trigger event AfterUpdate|__sfdc_trigger/Account
14:38:40.84 (1088197971)|USER_DEBUG|[357]|DEBUG|accItem.RecordTypeId&#124;&#124;0121t000000Z39kAAC
14:38:40.84 (1088230775)|USER_DEBUG|[358]|DEBUG|oldmap.get(accItem.Id).RecordTypeId&#124;&#124;0121t000000Z39kAAC
14:38:40.84 (1088240108)|USER_DEBUG|[359]|DEBUG|recordTypeId&#124;&#124;0121t000000Z3ehAAC
14:38:40.84 (1088273153)|USER_DEBUG|[361]|DEBUG|Old Account Name in after update:null
14:38:40.84 (1088285617)|USER_DEBUG|[362]|DEBUG|New Account Name in after update:null
14:38:40.84 (1088304172)|USER_DEBUG|[364]|DEBUG|Old Last Name in after update:RIDA
14:38:40.84 (1088446951)|USER_DEBUG|[365]|DEBUG|New Last Name in after update:RIDA
14:38:40.84 (1088490948)|USER_DEBUG|[388]|DEBUG|Check Recursive Run Once Value :false
14:38:40.84 (1088550435)|USER_DEBUG|[411]|DEBUG|swapna==>null
14:38:40.84 (1088732295)|USER_DEBUG|[503]|DEBUG|updatecaseflag==>{}
14:38:40.84 (1088748325)|USER_DEBUG|[513]|DEBUG|updatecasesList==>()
14:38:40.84 (1088778989)|USER_DEBUG|[521]|DEBUG|Number Of Queuable Jobs executed:0
14:38:40.84 (1088793397)|USER_DEBUG|[527]|DEBUG|Number Of Queuable Jobs After Review Status executed:0
14:38:40.88 (1088820338)|CUMULATIVE_LIMIT_USAGE
14:38:40.88 (1088820338)|LIMIT_USAGE_FOR_NS|(default)|
  Number of SOQL queries: 2 out of 100
  Number of query rows: 2 out of 50000
  Number of SOSL queries: 0 out of 20
  Number of DML statements: 2 out of 150
  Number of Publish Immediate DML: 0 out of 150
  Number of DML rows: 2 out of 10000
  Maximum CPU time: 460 out of 10000
  Maximum heap size: 0 out of 10000000
  Number of callouts: 0 out of 100
  Number of Email Invocations: 0 out of 10
  Number of future calls: 0 out of 50
  Number of queueable jobs added to the queue: 0 out of 50
  Number of Mobile Apex push calls: 0 out of 10

14:38:40.88 (1088820338)|CUMULATIVE_LIMIT_USAGE_END

14:38:40.84 (1089014415)|CODE_UNIT_FINISHED|Account on Account trigger event AfterUpdate|__sfdc_trigger/Account
14:38:40.89 (1089620335)|CUMULATIVE_LIMIT_USAGE
14:38:40.89 (1089620335)|LIMIT_USAGE_FOR_NS|(default)|
  Number of SOQL queries: 2 out of 100
  Number of query rows: 2 out of 50000
  Number of SOSL queries: 0 out of 20
  Number of DML statements: 2 out of 150
  Number of Publish Immediate DML: 0 out of 150
  Number of DML rows: 2 out of 10000
  Maximum CPU time: 460 out of 10000
  Maximum heap size: 0 out of 10000000
  Number of callouts: 0 out of 100
  Number of Email Invocations: 0 out of 10
  Number of future calls: 0 out of 50
  Number of queueable jobs added to the queue: 0 out of 50
  Number of Mobile Apex push calls: 0 out of 10

14:38:40.89 (1089620335)|CUMULATIVE_LIMIT_USAGE_END

14:38:39.890 (1102001600)|FLOW_START_INTERVIEWS_END|1
14:38:39.890 (1102048736)|FLOW_INTERVIEW_FINISHED|2392a193216226e2db0de07b8211a061ce197-47c6|Account
14:38:40.104 (1104244243)|WF_FLOW_ACTION_END|09LPw000000XDT7
14:38:40.104 (1104523893)|WF_RULE_EVAL_BEGIN|Workflow
14:38:40.104 (1104570338)|WF_CRITERIA_BEGIN|[Person Account: ANAS IBRAHIM MOH'D RIDA 001Pw000010iZhW]|LastMobilUpdate|01Q3N000000PdM4|ON_ALL_CHANGES|1
14:38:40.104 (1104679314)|WF_FORMULA|Formula:ENCODED:[treatNullAsNull]ISCHANGED( {!ID:PersonMobilePhone} )|Values:PersonMobilePhone=null
14:38:40.104 (1104685822)|WF_CRITERIA_END|false
14:38:40.104 (1104695907)|WF_CRITERIA_BEGIN|[Person Account: ANAS IBRAHIM MOH'D RIDA 001Pw000010iZhW]|LastEmailUpdate|01Q3N000000PdM3|ON_ALL_CHANGES|1
14:38:40.104 (1104734246)|WF_FORMULA|Formula:ENCODED:[treatNullAsNull]ISCHANGED( {!ID:PersonEmail} )|Values:PersonEmail=ridaanas1+aug18@gmail.com
14:38:40.104 (1104737585)|WF_CRITERIA_END|false
14:38:40.104 (1104743665)|WF_SPOOL_ACTION_BEGIN|Workflow
14:38:40.104 (1104755680)|WF_ACTION| None
14:38:40.104 (1104758908)|WF_RULE_EVAL_END
14:38:40.104 (1104766641)|WF_TIME_TRIGGERS_BEGIN
14:38:40.104 (1123633387)|WF_TIME_TRIGGER|[Person Account: ANAS IBRAHIM MOH'D RIDA 001Pw000010iZhW]|1 after LastModifiedDate|Alarm Workflow Time Trigger Container: 000000000000000|15:38:40.0
14:38:40.104 (1123820427)|WF_TIME_TRIGGER|[Person Account: ANAS IBRAHIM MOH'D RIDA 001Pw000010iZhW]|30 after LastModifiedDate|Alarm Workflow Time Trigger Container: 000000000000000|14:38:40.0
14:38:40.104 (1123898763)|WF_TIME_TRIGGER|[Person Account: ANAS IBRAHIM MOH'D RIDA 001Pw000010iZhW]|30 after LastModifiedDate|Alarm Workflow Time Trigger Container: 000000000000000|14:38:40.0
14:38:40.104 (1123972941)|WF_TIME_TRIGGER|[Person Account: ANAS IBRAHIM MOH'D RIDA 001Pw000010iZhW]|30 after LastModifiedDate|Alarm Workflow Time Trigger Container: 000000000000000|14:38:40.0
14:38:40.104 (1124043485)|WF_TIME_TRIGGER|[Person Account: ANAS IBRAHIM MOH'D RIDA 001Pw000010iZhW]|30 after LastModifiedDate|Alarm Workflow Time Trigger Container: 000000000000000|14:38:40.0
14:38:40.104 (1124113790)|WF_TIME_TRIGGER|[Person Account: ANAS IBRAHIM MOH'D RIDA 001Pw000010iZhW]|30 after LastModifiedDate|Alarm Workflow Time Trigger Container: 000000000000000|14:38:40.0
14:38:40.104 (1124190312)|WF_TIME_TRIGGER|[Person Account: ANAS IBRAHIM MOH'D RIDA 001Pw000010iZhW]|1 after LastModifiedDate|Alarm Workflow Time Trigger Container: 000000000000000|15:38:40.0
14:38:40.104 (1124262576)|WF_TIME_TRIGGER|[Person Account: ANAS IBRAHIM MOH'D RIDA 001Pw000010iZhW]|30 after LastModifiedDate|Alarm Workflow Time Trigger Container: 000000000000000|14:38:40.0
14:38:40.104 (1124333946)|WF_TIME_TRIGGER|[Person Account: ANAS IBRAHIM MOH'D RIDA 001Pw000010iZhW]|30 after LastModifiedDate|Alarm Workflow Time Trigger Container: 000000000000000|14:38:40.0
14:38:40.104 (1124405050)|WF_TIME_TRIGGER|[Person Account: ANAS IBRAHIM MOH'D RIDA 001Pw000010iZhW]|1 after LastModifiedDate|Alarm Workflow Time Trigger Container: 000000000000000|15:38:40.0
14:38:40.104 (1124476271)|WF_TIME_TRIGGER|[Person Account: ANAS IBRAHIM MOH'D RIDA 001Pw000010iZhW]|30 after LastModifiedDate|Alarm Workflow Time Trigger Container: 000000000000000|14:38:40.0
14:38:40.104 (1124546783)|WF_TIME_TRIGGER|[Person Account: ANAS IBRAHIM MOH'D RIDA 001Pw000010iZhW]|30 after LastModifiedDate|Alarm Workflow Time Trigger Container: 000000000000000|14:38:40.0
14:38:40.104 (1124629141)|WF_TIME_TRIGGER|[Person Account: ANAS IBRAHIM MOH'D RIDA 001Pw000010iZhW]|3 after LastModifiedDate|Alarm Workflow Time Trigger Container: 000000000000000|17:38:40.0
14:38:40.104 (1124699336)|WF_TIME_TRIGGER|[Person Account: ANAS IBRAHIM MOH'D RIDA 001Pw000010iZhW]|30 after LastModifiedDate|Alarm Workflow Time Trigger Container: 000000000000000|14:38:40.0
14:38:40.104 (1124770234)|WF_TIME_TRIGGER|[Person Account: ANAS IBRAHIM MOH'D RIDA 001Pw000010iZhW]|30 after LastModifiedDate|Alarm Workflow Time Trigger Container: 000000000000000|14:38:40.0
14:38:40.104 (1124841234)|WF_TIME_TRIGGER|[Person Account: ANAS IBRAHIM MOH'D RIDA 001Pw000010iZhW]|30 after LastModifiedDate|Alarm Workflow Time Trigger Container: 000000000000000|14:38:40.0
14:38:40.104 (1124911776)|WF_TIME_TRIGGER|[Person Account: ANAS IBRAHIM MOH'D RIDA 001Pw000010iZhW]|30 after LastModifiedDate|Alarm Workflow Time Trigger Container: 000000000000000|14:38:40.0
14:38:40.104 (1124982991)|WF_TIME_TRIGGER|[Person Account: ANAS IBRAHIM MOH'D RIDA 001Pw000010iZhW]|3 after LastModifiedDate|Alarm Workflow Time Trigger Container: 000000000000000|17:38:40.0
14:38:40.104 (1129243696)|WF_ACTIONS_END| Flow Trigger: 1;
14:38:40.104 (1129263422)|CODE_UNIT_FINISHED|Workflow:Account
14:38:40.104 (1130272406)|CODE_UNIT_STARTED|[EXTERNAL]|Flow:Account
14:38:40.133 (1133162463)|FLOW_CREATE_INTERVIEW_BEGIN|00D3N0000003Dz1|3003N000000Rti4|3013N000000qwuq
14:38:40.133 (1133226916)|FLOW_CREATE_INTERVIEW_END|2393a193216226e2db0de07b8211a061ce197-47c7|Account After Save
14:38:40.133 (1133721539)|FLOW_START_INTERVIEWS_BEGIN|1
14:38:40.133 (1133755088)|FLOW_START_INTERVIEW_BEGIN|2393a193216226e2db0de07b8211a061ce197-47c7|Account After Save
14:38:40.133 (1133934934)|FLOW_START_INTERVIEW_END|2393a193216226e2db0de07b8211a061ce197-47c7|Account After Save
14:38:40.165 (1165851683)|CODE_UNIT_STARTED|[EXTERNAL]|01q1t000000G9pt|Account on Account trigger event BeforeUpdate|__sfdc_trigger/Account
14:38:40.167 (1167220006)|CUMULATIVE_LIMIT_USAGE
14:38:40.167 (1167220006)|LIMIT_USAGE_FOR_NS|(default)|
  Number of SOQL queries: 2 out of 100
  Number of query rows: 2 out of 50000
  Number of SOSL queries: 0 out of 20
  Number of DML statements: 3 out of 150
  Number of Publish Immediate DML: 0 out of 150
  Number of DML rows: 3 out of 10000
  Maximum CPU time: 563 out of 10000
  Maximum heap size: 0 out of 10000000
  Number of callouts: 0 out of 100
  Number of Email Invocations: 0 out of 10
  Number of future calls: 0 out of 50
  Number of queueable jobs added to the queue: 0 out of 50
  Number of Mobile Apex push calls: 0 out of 10

14:38:40.167 (1167220006)|CUMULATIVE_LIMIT_USAGE_END

14:38:40.165 (1167418324)|CODE_UNIT_FINISHED|Account on Account trigger event BeforeUpdate|__sfdc_trigger/Account
14:38:40.170 (1170108321)|CODE_UNIT_STARTED|[EXTERNAL]|Validation:PersonAccount:001Pw000010iZhW
14:38:40.170 (1170129032)|VALIDATION_RULE|03dPw000003X8Zl|Require_Passport_No_When_IDType_Passport
14:38:40.170 (1170227641)|VALIDATION_FORMULA|AND(
      ISPICKVAL(Region_Flag__pc, 'Jordan'),
      ISPICKVAL( ID_Type__pc , 'Passport'),
      ISBLANK( Passport_Number__pc ) 
)|Region_Flag__pc=Jordan , ID_Type__pc=Jordanian ID , Passport_Number__pc=null
14:38:40.170 (1170231622)|VALIDATION_PASS
14:38:40.170 (1170232697)|VALIDATION_RULE|03dPw000003X8Zm|Validate_Passport_Expiry_Date
14:38:40.170 (1170298541)|VALIDATION_FORMULA|AND(
     ISPICKVAL( Region_Flag__pc , 'Jordan'),
      Passport_Expiry_Date__pc <  TODAY()  
)|Passport_Expiry_Date__pc=null , Region_Flag__pc=Jordan
14:38:40.170 (1170301229)|VALIDATION_PASS
14:38:40.170 (1170302059)|VALIDATION_RULE|03d1t000000INGL|Account_Info_cannot_be_edited_directly
14:38:40.170 (1170462795)|VALIDATION_FORMULA|Bypass_Validations__pc = false && ISCHANGED(  Name  ) &&   $User.LastName <> "Integration" && $User.LastName <> "Pandey" && $User.LastName <> "Manickam" && $User.LastName <> "El Izmirli" && $User.Name_Change_Access__c = false|$User.LastName=Mohamed , Bypass_Validations__pc=1 , $User.Name_Change_Access__c=0 , Name=ANAS IBRAHIM MOH'D RIDA
14:38:40.170 (1170467194)|VALIDATION_PASS
14:38:40.170 (1170468017)|VALIDATION_RULE|03d3N000000oV4J|DisallowArchivingIfCustomerIsBlackListed
14:38:40.170 (1170542135)|VALIDATION_FORMULA|ISCHANGED(Archived__pc) && Archived__pc == true && Blacklisted__c == true|Archived__pc=0 , Blacklisted__c=0
14:38:40.170 (1170544458)|VALIDATION_PASS
14:38:40.170 (1170545124)|VALIDATION_RULE|03d3N000000gTtg|Region_Flag_Change_Prevention
14:38:40.170 (1170911050)|VALIDATION_FORMULA|AND 
(
				  NOT($Setup.Setting__c.Bypass_Validation_Rules__c),
        ISCHANGED( Region_Flag__c )  
      )|$Setup.Setting__c.Bypass_Validation_Rules__c=null , Region_Flag__c=Jordan
14:38:40.170 (1170914967)|VALIDATION_PASS
14:38:40.170 (1170915938)|VALIDATION_RULE|03d3N000000gTth|Region_Flag_not_Empty
14:38:40.170 (1171166485)|VALIDATION_FORMULA|AND 
(
				  NOT($Setup.Setting__c.Bypass_Validation_Rules__c),
				  ISBLANK(TEXT( Region_Flag__c )))|$Setup.Setting__c.Bypass_Validation_Rules__c=null , Region_Flag__c=Jordan
14:38:40.170 (1171171504)|VALIDATION_PASS
14:38:40.170 (1171178552)|CODE_UNIT_FINISHED|Validation:PersonAccount:001Pw000010iZhW
14:38:40.244 (1244607909)|CODE_UNIT_STARTED|[EXTERNAL]|01q1t000000G9pt|Account on Account trigger event AfterUpdate|__sfdc_trigger/Account
14:38:40.244 (1248440117)|USER_DEBUG|[357]|DEBUG|accItem.RecordTypeId&#124;&#124;0121t000000Z39kAAC
14:38:40.244 (1248489371)|USER_DEBUG|[358]|DEBUG|oldmap.get(accItem.Id).RecordTypeId&#124;&#124;0121t000000Z39kAAC
14:38:40.244 (1248511141)|USER_DEBUG|[359]|DEBUG|recordTypeId&#124;&#124;0121t000000Z3ehAAC
14:38:40.244 (1248561488)|USER_DEBUG|[361]|DEBUG|Old Account Name in after update:null
14:38:40.244 (1248586319)|USER_DEBUG|[362]|DEBUG|New Account Name in after update:null
14:38:40.244 (1248664590)|USER_DEBUG|[364]|DEBUG|Old Last Name in after update:RIDA
14:38:40.244 (1248915441)|USER_DEBUG|[365]|DEBUG|New Last Name in after update:RIDA
14:38:40.244 (1249007046)|USER_DEBUG|[388]|DEBUG|Check Recursive Run Once Value :false
14:38:40.244 (1249122162)|USER_DEBUG|[411]|DEBUG|swapna==>null
14:38:40.244 (1249535900)|USER_DEBUG|[503]|DEBUG|updatecaseflag==>{}
14:38:40.244 (1249586373)|USER_DEBUG|[513]|DEBUG|updatecasesList==>()
14:38:40.244 (1249640880)|USER_DEBUG|[521]|DEBUG|Number Of Queuable Jobs executed:0
14:38:40.244 (1249699391)|USER_DEBUG|[527]|DEBUG|Number Of Queuable Jobs After Review Status executed:0
14:38:40.249 (1249753156)|CUMULATIVE_LIMIT_USAGE
14:38:40.249 (1249753156)|LIMIT_USAGE_FOR_NS|(default)|
  Number of SOQL queries: 2 out of 100
  Number of query rows: 2 out of 50000
  Number of SOSL queries: 0 out of 20
  Number of DML statements: 3 out of 150
  Number of Publish Immediate DML: 0 out of 150
  Number of DML rows: 3 out of 10000
  Maximum CPU time: 563 out of 10000
  Maximum heap size: 0 out of 10000000
  Number of callouts: 0 out of 100
  Number of Email Invocations: 0 out of 10
  Number of future calls: 0 out of 50
  Number of queueable jobs added to the queue: 0 out of 50
  Number of Mobile Apex push calls: 0 out of 10

14:38:40.249 (1249753156)|CUMULATIVE_LIMIT_USAGE_END

14:38:40.244 (1249995327)|CODE_UNIT_FINISHED|Account on Account trigger event AfterUpdate|__sfdc_trigger/Account
14:38:40.250 (1250657300)|CUMULATIVE_LIMIT_USAGE
14:38:40.250 (1250657300)|LIMIT_USAGE_FOR_NS|(default)|
  Number of SOQL queries: 2 out of 100
  Number of query rows: 2 out of 50000
  Number of SOSL queries: 0 out of 20
  Number of DML statements: 3 out of 150
  Number of Publish Immediate DML: 0 out of 150
  Number of DML rows: 3 out of 10000
  Maximum CPU time: 563 out of 10000
  Maximum heap size: 0 out of 10000000
  Number of callouts: 0 out of 100
  Number of Email Invocations: 0 out of 10
  Number of future calls: 0 out of 50
  Number of queueable jobs added to the queue: 0 out of 50
  Number of Mobile Apex push calls: 0 out of 10

14:38:40.250 (1250657300)|CUMULATIVE_LIMIT_USAGE_END

14:38:40.133 (1252742344)|FLOW_START_INTERVIEWS_END|1
14:38:40.133 (1252909484)|FLOW_INTERVIEW_FINISHED|2393a193216226e2db0de07b8211a061ce197-47c7|Account After Save
14:38:40.256 (1256396893)|FLOW_CREATE_INTERVIEW_BEGIN|00D3N0000003Dz1|3003N000000QXpo|301Pw00000NVqbQ
14:38:40.256 (1256459097)|FLOW_CREATE_INTERVIEW_END|2395a193216226e2db0de07b8211a061ce197-47c9|Update Dormancy Date
14:38:40.256 (1256930199)|FLOW_START_INTERVIEWS_BEGIN|1
14:38:40.256 (1256963798)|FLOW_START_INTERVIEW_BEGIN|2395a193216226e2db0de07b8211a061ce197-47c9|Update Dormancy Date
14:38:40.256 (1257156052)|FLOW_START_INTERVIEW_END|2395a193216226e2db0de07b8211a061ce197-47c9|Update Dormancy Date
14:38:40.256 (1258285435)|FLOW_START_INTERVIEWS_END|1
14:38:40.256 (1258457343)|FLOW_INTERVIEW_FINISHED|2395a193216226e2db0de07b8211a061ce197-47c9|Update Dormancy Date
14:38:40.262 (1262373104)|FLOW_CREATE_INTERVIEW_BEGIN|00D3N0000003Dz1|300Pw00000Fn5gS|301Pw00000QVfr8
14:38:40.262 (1262429843)|FLOW_CREATE_INTERVIEW_END|2396a193216226e2db0de07b8211a061ce197-47ca|Account After Update
14:38:40.262 (1262894492)|FLOW_START_INTERVIEWS_BEGIN|1
14:38:40.262 (1262929802)|FLOW_START_INTERVIEW_BEGIN|2396a193216226e2db0de07b8211a061ce197-47ca|Account After Update
14:38:40.262 (1263107669)|FLOW_START_INTERVIEW_END|2396a193216226e2db0de07b8211a061ce197-47ca|Account After Update
14:38:40.262 (1263506165)|FLOW_START_INTERVIEWS_END|1
14:38:40.262 (1263670053)|FLOW_INTERVIEW_FINISHED|2396a193216226e2db0de07b8211a061ce197-47ca|Account After Update
14:38:40.104 (1265156293)|CODE_UNIT_FINISHED|Flow:Account
14:38:40.104 (1265282340)|CODE_UNIT_STARTED|[EXTERNAL]|Flow:Account
14:38:40.104 (1268503816)|CODE_UNIT_FINISHED|Flow:Account
14:38:40.104 (1270881446)|DML_END|[521]
14:38:40.104 (1271169183)|USER_DEBUG|[417]|DEBUG|>>>>>>>>successResponse:[errorData=, isSuccess=true, recordLength=null, responseData=null]
14:38:40.320 (1320966890)|CUMULATIVE_LIMIT_USAGE
14:38:40.320 (1320966890)|LIMIT_USAGE_FOR_NS|(default)|
  Number of SOQL queries: 2 out of 100
  Number of query rows: 2 out of 50000
  Number of SOSL queries: 0 out of 20
  Number of DML statements: 3 out of 150
  Number of Publish Immediate DML: 0 out of 150
  Number of DML rows: 3 out of 10000
  Maximum CPU time: 662 out of 10000
  Maximum heap size: 0 out of 10000000
  Number of callouts: 0 out of 100
  Number of Email Invocations: 0 out of 10
  Number of future calls: 0 out of 50
  Number of queueable jobs added to the queue: 0 out of 50
  Number of Mobile Apex push calls: 0 out of 10

14:38:40.320 (1320966890)|CUMULATIVE_LIMIT_USAGE_END

14:38:40.104 (1321015741)|CODE_UNIT_FINISHED|UserProfileController.doSaveFieldUpdate(Account)
14:38:40.104 (1321326740)|CODE_UNIT_FINISHED|apex://UserProfileController/ACTION$doSaveFieldUpdate
14:38:40.104 (1321336805)|EXECUTION_FINISHED
