67.0 APEX_CODE,DEBUG;APEX_PROFILING,INFO;CALLOUT,INFO;DATA_ACCESS,NONE;DB,INFO;NBA,INFO;SYSTEM,INFO;VALIDATION,INFO;VISUALFORCE,INFO;WAVE,INFO;WORKFLOW,INFO
18:23:24.1 (1908776)|USER_INFO|[EXTERNAL]|0053N000006tZLM|khazi.jahangeer@ilabank.com.uatx|(GMT+03:00) Arabian Standard Time (Asia/Kuwait)|GMT+03:00
18:23:24.1 (1958850)|EXECUTION_STARTED
18:23:24.1 (1972678)|CODE_UNIT_STARTED|[EXTERNAL]|apex://CaseCommentController/ACTION$getRecentCaseComments
18:23:24.1 (4567330)|CODE_UNIT_STARTED|[EXTERNAL]|01pPw000005ArWP|CaseCommentController.getRecentCaseComments(String)
18:23:24.1 (7093389)|SYSTEM_MODE_ENTER|true
18:23:24.1 (7331635)|SYSTEM_MODE_EXIT|true
18:23:24.1 (7352804)|SYSTEM_MODE_ENTER|true
18:23:24.1 (11161036)|SOQL_EXECUTE_BEGIN|[7]|Aggregations:0|SELECT ParentId, COUNT(Id) commentCount FROM CaseComment WHERE Parent.AccountId = :tmpVar1 GROUP BY ParentId
18:23:24.1 (21567582)|SOQL_EXECUTE_END|[7]|Rows:0
18:23:24.1 (24306965)|SOQL_EXECUTE_BEGIN|[18]|Aggregations:0|SELECT Id, CommentBody, ParentId, CreatedDate, Parent.CaseNumber, Parent.CreatedBy.Name, Parent.Recent_Updates__c, CreatedBy.Name FROM CaseComment WHERE (Parent.AccountId = :tmpVar1 AND ParentId IN (SELECT Id FROM Case WHERE AccountId = :tmpVar2) AND Parent.Recent_Updates__c = TRUE) ORDER BY LastModifiedDate DESC NULLS FIRST LIMIT 100
18:23:24.1 (31674114)|SOQL_EXECUTE_END|[18]|Rows:0
18:23:24.1 (39122861)|SOQL_EXECUTE_BEGIN|[31]|Aggregations:0|SELECT Id, ParentId FROM FeedItem WHERE (ParentId = :tmpVar1 AND Type = 'CaseCommentPost')
18:23:24.1 (41970213)|SOQL_EXECUTE_END|[31]|Rows:0
18:23:24.1 (63752048)|SOQL_EXECUTE_BEGIN|[43]|Aggregations:0|SELECT FeedItemId, CommentBody, CreatedDate, CreatedBy.Name FROM FeedComment WHERE FeedItemId IN (SELECT Id FROM FeedItem WHERE ParentId = :tmpVar1) ORDER BY CreatedDate DESC NULLS FIRST
18:23:24.1 (67288291)|SOQL_EXECUTE_END|[43]|Rows:0
18:23:24.1 (68051748)|USER_DEBUG|[93]|DEBUG|Final caseCommentsList: ()
18:23:24.1 (71725070)|SYSTEM_MODE_EXIT|true
18:23:24.74 (74473857)|CUMULATIVE_LIMIT_USAGE
18:23:24.74 (74473857)|LIMIT_USAGE_FOR_NS|(default)|
  Number of SOQL queries: 4 out of 100
  Number of query rows: 0 out of 50000
  Number of SOSL queries: 0 out of 20
  Number of DML statements: 0 out of 0
  Number of Publish Immediate DML: 0 out of 150
  Number of DML rows: 0 out of 10000
  Maximum CPU time: 0 out of 10000
  Maximum heap size: 0 out of 6000000
  Number of callouts: 0 out of 100
  Number of Email Invocations: 0 out of 10
  Number of future calls: 0 out of 50
  Number of queueable jobs added to the queue: 0 out of 50
  Number of Mobile Apex push calls: 0 out of 10

18:23:24.74 (74473857)|CUMULATIVE_LIMIT_USAGE_END

18:23:24.1 (74519508)|CODE_UNIT_FINISHED|CaseCommentController.getRecentCaseComments(String)
18:23:24.1 (74726199)|CODE_UNIT_FINISHED|apex://CaseCommentController/ACTION$getRecentCaseComments
18:23:24.1 (74735605)|EXECUTION_FINISHED
