68.0 APEX_CODE,DEBUG;APEX_PROFILING,INFO;CALLOUT,INFO;DATA_ACCESS,NONE;DB,INFO;NBA,INFO;SYSTEM,INFO;VALIDATION,INFO;VISUALFORCE,INFO;WAVE,INFO;WORKFLOW,INFO
17:04:00.0 (294824)|USER_INFO|[EXTERNAL]|0053N000006tZLM|khazi.jahangeer@ilabank.com.uatx|(GMT+03:00) Arabian Standard Time (Asia/Kuwait)|GMT+03:00
17:04:00.0 (342272)|EXECUTION_STARTED
17:04:00.0 (351905)|CODE_UNIT_STARTED|[EXTERNAL]|apex://UserProfileController/ACTION$isWatiqueUpload
17:04:00.0 (8407622)|CODE_UNIT_STARTED|[EXTERNAL]|01p1t00000MLZX9|UserProfileController.isWatiqueUpload(String)
17:04:00.0 (9706878)|SYSTEM_MODE_ENTER|true
17:04:00.0 (9770920)|SYSTEM_MODE_EXIT|true
17:04:00.0 (9806075)|SYSTEM_MODE_ENTER|true
17:04:00.0 (9817459)|SYSTEM_MODE_EXIT|true
17:04:00.0 (9820728)|SYSTEM_MODE_ENTER|true
17:04:00.0 (9823335)|SYSTEM_MODE_EXIT|true
17:04:00.0 (12426065)|SOQL_EXECUTE_BEGIN|[586]|Aggregations:0|SELECT Id, AccountId FROM Case WHERE Id = :tmpVar1
17:04:00.0 (25125047)|SOQL_EXECUTE_END|[586]|Rows:1
17:04:00.0 (27310973)|SOQL_EXECUTE_BEGIN|[587]|Aggregations:1|SELECT Id, (SELECT Id, Document_Type__c FROM Content__r WHERE Document_Type__c = 'Wathiq Consent Form') FROM Account WHERE Id = :tmpVar1
17:04:00.0 (54090829)|SOQL_EXECUTE_END|[587]|Rows:1
17:04:00.54 (54493642)|CUMULATIVE_LIMIT_USAGE
17:04:00.54 (54493642)|LIMIT_USAGE_FOR_NS|(default)|
  Number of SOQL queries: 2 out of 100
  Number of query rows: 2 out of 50000
  Number of SOSL queries: 0 out of 20
  Number of DML statements: 0 out of 150
  Number of Publish Immediate DML: 0 out of 150
  Number of DML rows: 0 out of 10000
  Maximum CPU time: 0 out of 10000
  Maximum heap size: 0 out of 10000000
  Number of callouts: 0 out of 100
  Number of Email Invocations: 0 out of 10
  Number of future calls: 0 out of 50
  Number of queueable jobs added to the queue: 0 out of 50
  Number of Mobile Apex push calls: 0 out of 10

17:04:00.54 (54493642)|CUMULATIVE_LIMIT_USAGE_END

17:04:00.0 (54521770)|CODE_UNIT_FINISHED|UserProfileController.isWatiqueUpload(String)
17:04:00.0 (54758501)|CODE_UNIT_FINISHED|apex://UserProfileController/ACTION$isWatiqueUpload
17:04:00.0 (54766873)|EXECUTION_FINISHED
