67.0 APEX_CODE,DEBUG;APEX_PROFILING,INFO;CALLOUT,INFO;DATA_ACCESS,NONE;DB,INFO;NBA,INFO;SYSTEM,INFO;VALIDATION,INFO;VISUALFORCE,INFO;WAVE,INFO;WORKFLOW,INFO
19:04:09.0 (263537)|USER_INFO|[EXTERNAL]|0053N000006tZLM|khazi.jahangeer@ilabank.com.uatx|(GMT+03:00) Arabian Standard Time (Asia/Kuwait)|GMT+03:00
19:04:09.0 (294288)|EXECUTION_STARTED
19:04:09.0 (304755)|CODE_UNIT_STARTED|[EXTERNAL]|apex://CaseCommentController/ACTION$getRecentCaseComments
19:04:09.0 (2842888)|CODE_UNIT_STARTED|[EXTERNAL]|01pPw000005ArWP|CaseCommentController.getRecentCaseComments(String)
19:04:09.0 (3250746)|SYSTEM_MODE_ENTER|true
19:04:09.0 (3460155)|SYSTEM_MODE_EXIT|true
19:04:09.0 (3476134)|SYSTEM_MODE_ENTER|true
19:04:09.0 (6067164)|SOQL_EXECUTE_BEGIN|[7]|Aggregations:0|SELECT ParentId, COUNT(Id) commentCount FROM CaseComment WHERE Parent.AccountId = :tmpVar1 GROUP BY ParentId
19:04:09.0 (15214745)|SOQL_EXECUTE_END|[7]|Rows:0
19:04:09.0 (18000469)|SOQL_EXECUTE_BEGIN|[18]|Aggregations:0|SELECT Id, CommentBody, ParentId, CreatedDate, Parent.CaseNumber, Parent.CreatedBy.Name, Parent.Recent_Updates__c, CreatedBy.Name FROM CaseComment WHERE (Parent.AccountId = :tmpVar1 AND ParentId IN (SELECT Id FROM Case WHERE AccountId = :tmpVar2) AND Parent.Recent_Updates__c = TRUE) ORDER BY LastModifiedDate DESC NULLS FIRST LIMIT 100
19:04:09.0 (27933636)|SOQL_EXECUTE_END|[18]|Rows:0
19:04:09.0 (39641488)|SOQL_EXECUTE_BEGIN|[31]|Aggregations:0|SELECT Id, ParentId FROM FeedItem WHERE (ParentId = :tmpVar1 AND Type = 'CaseCommentPost')
19:04:09.0 (42790616)|SOQL_EXECUTE_END|[31]|Rows:0
19:04:09.0 (67407340)|SOQL_EXECUTE_BEGIN|[43]|Aggregations:0|SELECT FeedItemId, CommentBody, CreatedDate, CreatedBy.Name FROM FeedComment WHERE FeedItemId IN (SELECT Id FROM FeedItem WHERE ParentId = :tmpVar1) ORDER BY CreatedDate DESC NULLS FIRST
19:04:09.0 (70638056)|SOQL_EXECUTE_END|[43]|Rows:0
19:04:09.0 (71343635)|USER_DEBUG|[93]|DEBUG|Final caseCommentsList: ()
19:04:09.0 (74154349)|SYSTEM_MODE_EXIT|true
19:04:09.76 (76760349)|CUMULATIVE_LIMIT_USAGE
19:04:09.76 (76760349)|LIMIT_USAGE_FOR_NS|(default)|
  Number of SOQL queries: 4 out of 100
  Number of query rows: 0 out of 50000
  Number of SOSL queries: 0 out of 20
  Number of DML statements: 0 out of 0
  Number of Publish Immediate DML: 0 out of 150
  Number of DML rows: 0 out of 10000
  Maximum CPU time: 0 out of 10000
  Maximum heap size: 0 out of 6000000
  Number of callouts: 0 out of 100
  Number of Email Invocations: 0 out of 10
  Number of future calls: 0 out of 50
  Number of queueable jobs added to the queue: 0 out of 50
  Number of Mobile Apex push calls: 0 out of 10

19:04:09.76 (76760349)|CUMULATIVE_LIMIT_USAGE_END

19:04:09.0 (76796133)|CODE_UNIT_FINISHED|CaseCommentController.getRecentCaseComments(String)
19:04:09.0 (77071131)|CODE_UNIT_FINISHED|apex://CaseCommentController/ACTION$getRecentCaseComments
19:04:09.0 (77080110)|EXECUTION_FINISHED
