68.0 APEX_CODE,DEBUG;APEX_PROFILING,INFO;CALLOUT,INFO;DATA_ACCESS,NONE;DB,INFO;NBA,INFO;SYSTEM,INFO;VALIDATION,INFO;VISUALFORCE,INFO;WAVE,INFO;WORKFLOW,INFO
17:04:00.0 (230806)|USER_INFO|[EXTERNAL]|0053N000006tZLM|khazi.jahangeer@ilabank.com.uatx|(GMT+03:00) Arabian Standard Time (Asia/Kuwait)|GMT+03:00
17:04:00.0 (260717)|EXECUTION_STARTED
17:04:00.0 (267867)|CODE_UNIT_STARTED|[EXTERNAL]|apex://JordanCivilDepartmentController/ACTION$getCaseDetails
17:04:00.0 (4829000)|CODE_UNIT_STARTED|[EXTERNAL]|01p3N00000B72jz|JordanCivilDepartmentController.getCaseDetails(String)
17:04:00.0 (5441089)|SYSTEM_MODE_ENTER|true
17:04:00.0 (5488525)|SYSTEM_MODE_EXIT|true
17:04:00.0 (5534589)|SYSTEM_MODE_ENTER|true
17:04:00.0 (5547056)|SYSTEM_MODE_EXIT|true
17:04:00.0 (5550389)|SYSTEM_MODE_ENTER|true
17:04:00.0 (5553210)|SYSTEM_MODE_EXIT|true
17:04:00.0 (5642379)|USER_DEBUG|[18]|DEBUG|QUERY: Select Status, AccountId, Type, Origin, RecordType.Name, Region_Flag__c
17:04:00.0 (7811288)|SOQL_EXECUTE_BEGIN|[19]|Aggregations:0|Select Status, AccountId, Type, Origin, RecordType.Name, Region_Flag__c from Case where Id =:caseId
17:04:00.0 (31845896)|SOQL_EXECUTE_END|[19]|Rows:1
17:04:00.32 (32216437)|CUMULATIVE_LIMIT_USAGE
17:04:00.32 (32216437)|LIMIT_USAGE_FOR_NS|(default)|
  Number of SOQL queries: 1 out of 100
  Number of query rows: 1 out of 50000
  Number of SOSL queries: 0 out of 20
  Number of DML statements: 0 out of 150
  Number of Publish Immediate DML: 0 out of 150
  Number of DML rows: 0 out of 10000
  Maximum CPU time: 0 out of 10000
  Maximum heap size: 0 out of 10000000
  Number of callouts: 0 out of 100
  Number of Email Invocations: 0 out of 10
  Number of future calls: 0 out of 50
  Number of queueable jobs added to the queue: 0 out of 50
  Number of Mobile Apex push calls: 0 out of 10

17:04:00.32 (32216437)|CUMULATIVE_LIMIT_USAGE_END

17:04:00.0 (32281689)|CODE_UNIT_FINISHED|JordanCivilDepartmentController.getCaseDetails(String)
17:04:00.0 (32572425)|CODE_UNIT_FINISHED|apex://JordanCivilDepartmentController/ACTION$getCaseDetails
17:04:00.0 (32580549)|EXECUTION_FINISHED
