68.0 APEX_CODE,DEBUG;APEX_PROFILING,INFO;CALLOUT,INFO;DATA_ACCESS,NONE;DB,INFO;NBA,INFO;SYSTEM,INFO;VALIDATION,INFO;VISUALFORCE,INFO;WAVE,INFO;WORKFLOW,INFO
17:03:58.0 (352523)|USER_INFO|[EXTERNAL]|0053N000006tZLM|khazi.jahangeer@ilabank.com.uatx|(GMT+03:00) Arabian Standard Time (Asia/Kuwait)|GMT+03:00
17:03:58.0 (411820)|EXECUTION_STARTED
17:03:58.0 (430414)|CODE_UNIT_STARTED|[EXTERNAL]|apex://StandardTabsAuditTrackController/ACTION$createAuditRecordForCase
17:03:58.0 (4960029)|CODE_UNIT_STARTED|[EXTERNAL]|01pPw000002j4ZN|StandardTabsAuditTrackController.createAuditRecordForCase(Id, String)
17:03:58.0 (7954876)|SOQL_EXECUTE_BEGIN|[83]|Aggregations:0|SELECT Id, CaseNumber, Type, Account.CIF__pc FROM Case WHERE Id = :tmpVar1
17:03:58.0 (33228836)|SOQL_EXECUTE_END|[83]|Rows:1
17:03:58.0 (34322429)|DML_BEGIN|[92]|Op:Insert|Type:Customer_Pages_Audit_Trail__c|Rows:1
17:03:58.0 (80078710)|DML_END|[92]
17:03:58.101 (101309263)|CUMULATIVE_LIMIT_USAGE
17:03:58.101 (101309263)|LIMIT_USAGE_FOR_NS|(default)|
  Number of SOQL queries: 1 out of 100
  Number of query rows: 1 out of 50000
  Number of SOSL queries: 0 out of 20
  Number of DML statements: 1 out of 150
  Number of Publish Immediate DML: 0 out of 150
  Number of DML rows: 1 out of 10000
  Maximum CPU time: 0 out of 10000
  Maximum heap size: 0 out of 10000000
  Number of callouts: 0 out of 100
  Number of Email Invocations: 0 out of 10
  Number of future calls: 0 out of 50
  Number of queueable jobs added to the queue: 0 out of 50
  Number of Mobile Apex push calls: 0 out of 10

17:03:58.101 (101309263)|CUMULATIVE_LIMIT_USAGE_END

17:03:58.0 (101428569)|CODE_UNIT_FINISHED|StandardTabsAuditTrackController.createAuditRecordForCase(Id, String)
17:03:58.0 (101729866)|CODE_UNIT_FINISHED|apex://StandardTabsAuditTrackController/ACTION$createAuditRecordForCase
17:03:58.0 (101741341)|EXECUTION_FINISHED
