68.0 APEX_CODE,DEBUG;APEX_PROFILING,INFO;CALLOUT,INFO;DATA_ACCESS,NONE;DB,INFO;NBA,INFO;SYSTEM,INFO;VALIDATION,INFO;VISUALFORCE,INFO;WAVE,INFO;WORKFLOW,INFO
15:32:54.0 (223626)|USER_INFO|[EXTERNAL]|0053N000006tZLM|khazi.jahangeer@ilabank.com.uatx|(GMT+03:00) Arabian Standard Time (Asia/Kuwait)|GMT+03:00
15:32:54.0 (257495)|EXECUTION_STARTED
15:32:54.0 (265985)|CODE_UNIT_STARTED|[EXTERNAL]|apex://UserProfileController/ACTION$loadCusProVisibility
15:32:54.0 (7108089)|CODE_UNIT_STARTED|[EXTERNAL]|01p1t00000MLZX9|UserProfileController.loadCusProVisibility()
15:32:54.0 (10535462)|SYSTEM_MODE_ENTER|true
15:32:54.0 (10582717)|SYSTEM_MODE_EXIT|true
15:32:54.0 (10619226)|SYSTEM_MODE_ENTER|true
15:32:54.0 (10630529)|SYSTEM_MODE_EXIT|true
15:32:54.0 (10633563)|SYSTEM_MODE_ENTER|true
15:32:54.0 (10636038)|SYSTEM_MODE_EXIT|true
15:32:54.14 (14170939)|CUMULATIVE_LIMIT_USAGE
15:32:54.14 (14170939)|LIMIT_USAGE_FOR_NS|(default)|
  Number of SOQL queries: 0 out of 100
  Number of query rows: 0 out of 50000
  Number of SOSL queries: 0 out of 20
  Number of DML statements: 0 out of 0
  Number of Publish Immediate DML: 0 out of 150
  Number of DML rows: 0 out of 10000
  Maximum CPU time: 0 out of 10000
  Maximum heap size: 0 out of 10000000
  Number of callouts: 0 out of 100
  Number of Email Invocations: 0 out of 10
  Number of future calls: 0 out of 50
  Number of queueable jobs added to the queue: 0 out of 50
  Number of Mobile Apex push calls: 0 out of 10

15:32:54.14 (14170939)|CUMULATIVE_LIMIT_USAGE_END

15:32:54.0 (14200034)|CODE_UNIT_FINISHED|UserProfileController.loadCusProVisibility()
15:32:54.0 (14557672)|CODE_UNIT_FINISHED|apex://UserProfileController/ACTION$loadCusProVisibility
15:32:54.0 (14569134)|EXECUTION_FINISHED
