68.0 APEX_CODE,DEBUG;APEX_PROFILING,INFO;CALLOUT,INFO;DATA_ACCESS,NONE;DB,INFO;NBA,INFO;SYSTEM,INFO;VALIDATION,INFO;VISUALFORCE,INFO;WAVE,INFO;WORKFLOW,INFO
17:04:00.0 (288265)|USER_INFO|[EXTERNAL]|0053N000006tZLM|khazi.jahangeer@ilabank.com.uatx|(GMT+03:00) Arabian Standard Time (Asia/Kuwait)|GMT+03:00
17:04:00.0 (328168)|EXECUTION_STARTED
17:04:00.0 (336767)|CODE_UNIT_STARTED|[EXTERNAL]|apex://UserProfileController/ACTION$loadCusProVisibility
17:04:00.0 (6925494)|CODE_UNIT_STARTED|[EXTERNAL]|01p1t00000MLZX9|UserProfileController.loadCusProVisibility()
17:04:00.0 (7361745)|SYSTEM_MODE_ENTER|true
17:04:00.0 (7413394)|SYSTEM_MODE_EXIT|true
17:04:00.0 (7445425)|SYSTEM_MODE_ENTER|true
17:04:00.0 (7459794)|SYSTEM_MODE_EXIT|true
17:04:00.0 (7464649)|SYSTEM_MODE_ENTER|true
17:04:00.0 (7468753)|SYSTEM_MODE_EXIT|true
17:04:00.22 (22249872)|CUMULATIVE_LIMIT_USAGE
17:04:00.22 (22249872)|LIMIT_USAGE_FOR_NS|(default)|
  Number of SOQL queries: 0 out of 100
  Number of query rows: 0 out of 50000
  Number of SOSL queries: 0 out of 20
  Number of DML statements: 0 out of 0
  Number of Publish Immediate DML: 0 out of 150
  Number of DML rows: 0 out of 10000
  Maximum CPU time: 0 out of 10000
  Maximum heap size: 0 out of 10000000
  Number of callouts: 0 out of 100
  Number of Email Invocations: 0 out of 10
  Number of future calls: 0 out of 50
  Number of queueable jobs added to the queue: 0 out of 50
  Number of Mobile Apex push calls: 0 out of 10

17:04:00.22 (22249872)|CUMULATIVE_LIMIT_USAGE_END

17:04:00.0 (22399613)|CODE_UNIT_FINISHED|UserProfileController.loadCusProVisibility()
17:04:00.0 (22748774)|CODE_UNIT_FINISHED|apex://UserProfileController/ACTION$loadCusProVisibility
17:04:00.0 (22757276)|EXECUTION_FINISHED
