68.0 APEX_CODE,DEBUG;APEX_PROFILING,INFO;CALLOUT,INFO;DATA_ACCESS,NONE;DB,INFO;NBA,INFO;SYSTEM,INFO;VALIDATION,INFO;VISUALFORCE,INFO;WAVE,INFO;WORKFLOW,INFO
14:40:28.0 (350962)|USER_INFO|[EXTERNAL]|0053N000006tZLM|khazi.jahangeer@ilabank.com.uatx|(GMT+03:00) Arabian Standard Time (Asia/Kuwait)|GMT+03:00
14:40:28.0 (459504)|EXECUTION_STARTED
14:40:28.0 (481481)|CODE_UNIT_STARTED|[EXTERNAL]|apex://UserProfileController/ACTION$doSaveFieldUpdate
14:40:28.0 (5195097)|CODE_UNIT_STARTED|[EXTERNAL]|01p1t00000MLZX9|UserProfileController.doSaveFieldUpdate(Account)
14:40:28.0 (5622444)|SYSTEM_MODE_ENTER|true
14:40:28.0 (5671875)|SYSTEM_MODE_EXIT|true
14:40:28.0 (5718257)|SYSTEM_MODE_ENTER|true
14:40:28.0 (5728153)|SYSTEM_MODE_EXIT|true
14:40:28.0 (5731344)|SYSTEM_MODE_ENTER|true
14:40:28.0 (5734039)|SYSTEM_MODE_EXIT|true
14:40:28.0 (16493005)|SOQL_EXECUTE_BEGIN|[376]|Aggregations:0|select id, CIF__pc, Name, RecordTypeId ,Address_ID_Expiry_Date__pc,Applicable_Residency_Tax__pc,Arabic_Name__pc,Business_Address__pc,Business_Industry__pc,Business_Name__pc,PersonMailingPostalCode,Employer_Name__pc,Employment_Status__pc,Expected_Monthly_deposits__pc,Fatca_Customer__pc,FirstName,Gender__pc,Gross_Monthly_Income__pc,ID_Expiry_Date__pc,ID_Nationality__pc,ID_Number__pc,ID_Type__pc,LastName,MiddleName,Mobile_Country_Code__pc,Nationality__pc,PersonBirthdate,PersonEmail,PersonMailingCity,PersonMailingCountry,PersonMailingStreet,PersonMobilePhone,Proof_of_Address_ID_Type__pc,Proof_of_Address_Id__pc,Residency_Permit_Expiry__pc,Residency_Permit_Number__pc,Residency__pc,Sources_of_Funds__pc,Source_Found_specify__pc,Tax_Country_1_ID__pc,Tax_Country_1__pc,Tax_Country_2_ID__pc,Tax_Country_2__pc,Tax_Country_3_ID__pc,Tax_Country_4_ID__pc,Tax_Country_4__pc,US_Indicia__pc,Tax_Country_3__pc,ID_Number_2__pc,Address_ID_Issuance_Date__pc,Passport_Expiry_Date__pc,Account_Opening_Reason__pc,Employer_Address__pc,Employer_Country__pc,Place_of_Birth__pc,Place_of_birth_government__pc,Occupation__pc,Marital_Status__pc,Passport_Number__pc,Bypass_Geo_Location_Check__pc,Mailing_Apartment_Number__c,Mailing_Building_Number__c,Other_Sources_of_Fund__pc,Employer_City__pc,Mailing_Area__c,Expected_Amount_Range__pc,Guardian_CIF__pc,Minor__pc,Guardian_CPR__pc from Account where Id =:accId
14:40:28.0 (48394164)|SOQL_EXECUTE_END|[376]|Rows:1
14:40:28.0 (132800594)|SYSTEM_MODE_ENTER|true
14:40:28.0 (154496647)|USER_DEBUG|[392]|DEBUG|>>>>>>>>>Address_ID_Expiry_Date__pc> =====result=false
14:40:28.0 (155640102)|SYSTEM_MODE_ENTER|true
14:40:28.0 (155985874)|USER_DEBUG|[392]|DEBUG|>>>>>>>>>Applicable_Residency_Tax__pc> No====No=result=false
14:40:28.0 (156855632)|SYSTEM_MODE_ENTER|true
14:40:28.0 (157117735)|USER_DEBUG|[392]|DEBUG|>>>>>>>>>Arabic_Name__pc> راحو=====result=true
14:40:28.0 (157924964)|SYSTEM_MODE_ENTER|true
14:40:28.0 (158186241)|USER_DEBUG|[392]|DEBUG|>>>>>>>>>Business_Address__pc> =====result=false
14:40:28.0 (159007291)|SYSTEM_MODE_ENTER|true
14:40:28.0 (159219133)|USER_DEBUG|[392]|DEBUG|>>>>>>>>>Business_Industry__pc> =====result=false
14:40:28.0 (160002579)|SYSTEM_MODE_ENTER|true
14:40:28.0 (160212972)|USER_DEBUG|[392]|DEBUG|>>>>>>>>>Business_Name__pc> =====result=false
14:40:28.0 (160962161)|SYSTEM_MODE_ENTER|true
14:40:28.0 (161165829)|USER_DEBUG|[392]|DEBUG|>>>>>>>>>PersonMailingPostalCode> =====result=false
14:40:28.0 (161908624)|SYSTEM_MODE_ENTER|true
14:40:28.0 (162108597)|USER_DEBUG|[392]|DEBUG|>>>>>>>>>Employer_Name__pc> Abc====Abc=result=false
14:40:28.0 (162992428)|SYSTEM_MODE_ENTER|true
14:40:28.0 (163252429)|USER_DEBUG|[392]|DEBUG|>>>>>>>>>Employment_Status__pc> Employed====Employed=result=false
14:40:28.0 (164021783)|SYSTEM_MODE_ENTER|true
14:40:28.0 (164336240)|USER_DEBUG|[392]|DEBUG|>>>>>>>>>Expected_Monthly_deposits__pc> 750====750.00=result=true
14:40:28.0 (165588395)|SYSTEM_MODE_ENTER|true
14:40:28.0 (165918214)|USER_DEBUG|[392]|DEBUG|>>>>>>>>>Fatca_Customer__pc> false====false=result=false
14:40:28.0 (167185840)|SYSTEM_MODE_ENTER|true
14:40:28.0 (167531459)|USER_DEBUG|[392]|DEBUG|>>>>>>>>>FirstName> ANAS====ANAS=result=false
14:40:28.0 (168758851)|SYSTEM_MODE_ENTER|true
14:40:28.0 (169036597)|USER_DEBUG|[392]|DEBUG|>>>>>>>>>Gender__pc> M====M=result=false
14:40:28.0 (170233018)|SYSTEM_MODE_ENTER|true
14:40:28.0 (170514313)|USER_DEBUG|[392]|DEBUG|>>>>>>>>>Gross_Monthly_Income__pc> 750====750=result=false
14:40:28.0 (171707650)|SYSTEM_MODE_ENTER|true
14:40:28.0 (171979612)|USER_DEBUG|[392]|DEBUG|>>>>>>>>>ID_Expiry_Date__pc> 2027-09-10 00:00:00=====result=true
14:40:28.0 (172872727)|SYSTEM_MODE_ENTER|true
14:40:28.0 (173113357)|USER_DEBUG|[392]|DEBUG|>>>>>>>>>ID_Nationality__pc> JO====JO=result=false
14:40:28.0 (173955375)|SYSTEM_MODE_ENTER|true
14:40:28.0 (174197360)|USER_DEBUG|[392]|DEBUG|>>>>>>>>>ID_Number__pc> 5242525=====result=true
14:40:28.0 (174957325)|SYSTEM_MODE_ENTER|true
14:40:28.0 (175165065)|USER_DEBUG|[392]|DEBUG|>>>>>>>>>ID_Type__pc> Jordanian ID====Jordanian ID=result=false
14:40:28.0 (175952488)|SYSTEM_MODE_ENTER|true
14:40:28.0 (176183654)|USER_DEBUG|[392]|DEBUG|>>>>>>>>>LastName> RIDA====RIDA=result=false
14:40:28.0 (176962848)|SYSTEM_MODE_ENTER|true
14:40:28.0 (177213946)|USER_DEBUG|[392]|DEBUG|>>>>>>>>>MiddleName> IBRAHIM MOH'D====IBRAHIM MOH'D=result=false
14:40:28.0 (178033298)|SYSTEM_MODE_ENTER|true
14:40:28.0 (178266872)|USER_DEBUG|[392]|DEBUG|>>>>>>>>>Mobile_Country_Code__pc> +91=====result=true
14:40:28.0 (179025086)|SYSTEM_MODE_ENTER|true
14:40:28.0 (179243347)|USER_DEBUG|[392]|DEBUG|>>>>>>>>>Nationality__pc> JO====JO=result=false
14:40:28.0 (179998612)|SYSTEM_MODE_ENTER|true
14:40:28.0 (180209576)|USER_DEBUG|[392]|DEBUG|>>>>>>>>>PersonBirthdate> 1987-10-12 00:00:00====1987-10-12 00:00:00=result=false
14:40:28.0 (181057666)|SYSTEM_MODE_ENTER|true
14:40:28.0 (181335968)|USER_DEBUG|[392]|DEBUG|>>>>>>>>>PersonEmail> ridaanas1+aug18@gmail.com====ridaanas1+aug18@gmail.com=result=false
14:40:28.0 (182152295)|SYSTEM_MODE_ENTER|true
14:40:28.0 (182434912)|USER_DEBUG|[392]|DEBUG|>>>>>>>>>PersonMailingCity> Amman====Amman=result=false
14:40:28.0 (183178974)|SYSTEM_MODE_ENTER|true
14:40:28.0 (183395367)|USER_DEBUG|[392]|DEBUG|>>>>>>>>>PersonMailingCountry> JO====JO=result=false
14:40:28.0 (184174350)|SYSTEM_MODE_ENTER|true
14:40:28.0 (184413252)|USER_DEBUG|[392]|DEBUG|>>>>>>>>>PersonMailingStreet> deen, deen, 89, 98====amman,amman,37,84=result=true
14:40:28.0 (185171725)|SYSTEM_MODE_ENTER|true
14:40:28.0 (185402760)|USER_DEBUG|[392]|DEBUG|>>>>>>>>>PersonMobilePhone> 536343=====result=true
14:40:28.0 (186135188)|SYSTEM_MODE_ENTER|true
14:40:28.0 (186336730)|USER_DEBUG|[392]|DEBUG|>>>>>>>>>Proof_of_Address_ID_Type__pc> Bank Statement=====result=true
14:40:28.0 (187066032)|SYSTEM_MODE_ENTER|true
14:40:28.0 (187266303)|USER_DEBUG|[392]|DEBUG|>>>>>>>>>Proof_of_Address_Id__pc> =====result=false
14:40:28.0 (187991703)|SYSTEM_MODE_ENTER|true
14:40:28.0 (188169469)|USER_DEBUG|[392]|DEBUG|>>>>>>>>>Residency_Permit_Expiry__pc> =====result=false
14:40:28.0 (188880449)|SYSTEM_MODE_ENTER|true
14:40:28.0 (189080710)|USER_DEBUG|[392]|DEBUG|>>>>>>>>>Residency_Permit_Number__pc> =====result=false
14:40:28.0 (189920907)|SYSTEM_MODE_ENTER|true
14:40:28.0 (190126548)|USER_DEBUG|[392]|DEBUG|>>>>>>>>>Residency__pc> JO====JO=result=false
14:40:28.0 (190869807)|SYSTEM_MODE_ENTER|true
14:40:28.0 (191069274)|USER_DEBUG|[392]|DEBUG|>>>>>>>>>Sources_of_Funds__pc> Salary====Salary=result=false
14:40:28.0 (191807580)|SYSTEM_MODE_ENTER|true
14:40:28.0 (192011041)|USER_DEBUG|[392]|DEBUG|>>>>>>>>>Source_Found_specify__pc> =====result=false
14:40:28.0 (192789578)|SYSTEM_MODE_ENTER|true
14:40:28.0 (193021549)|USER_DEBUG|[392]|DEBUG|>>>>>>>>>Tax_Country_1_ID__pc> =====result=false
14:40:28.0 (193771404)|SYSTEM_MODE_ENTER|true
14:40:28.0 (193969360)|USER_DEBUG|[392]|DEBUG|>>>>>>>>>Tax_Country_1__pc> =====result=false
14:40:28.0 (194722856)|SYSTEM_MODE_ENTER|true
14:40:28.0 (194928748)|USER_DEBUG|[392]|DEBUG|>>>>>>>>>Tax_Country_2_ID__pc> =====result=false
14:40:28.0 (195653477)|SYSTEM_MODE_ENTER|true
14:40:28.0 (195839464)|USER_DEBUG|[392]|DEBUG|>>>>>>>>>Tax_Country_2__pc> =====result=false
14:40:28.0 (196567585)|SYSTEM_MODE_ENTER|true
14:40:28.0 (196757034)|USER_DEBUG|[392]|DEBUG|>>>>>>>>>Tax_Country_3_ID__pc> =====result=false
14:40:28.0 (197491611)|SYSTEM_MODE_ENTER|true
14:40:28.0 (197676034)|USER_DEBUG|[392]|DEBUG|>>>>>>>>>Tax_Country_4_ID__pc> =====result=false
14:40:28.0 (198439509)|SYSTEM_MODE_ENTER|true
14:40:28.0 (198635190)|USER_DEBUG|[392]|DEBUG|>>>>>>>>>Tax_Country_4__pc> =====result=false
14:40:28.0 (199366062)|SYSTEM_MODE_ENTER|true
14:40:28.0 (199542255)|USER_DEBUG|[392]|DEBUG|>>>>>>>>>US_Indicia__pc> false====false=result=false
14:40:28.0 (200354741)|SYSTEM_MODE_ENTER|true
14:40:28.0 (200601782)|USER_DEBUG|[392]|DEBUG|>>>>>>>>>Tax_Country_3__pc> =====result=false
14:40:28.0 (201388056)|SYSTEM_MODE_ENTER|true
14:40:28.0 (201655275)|USER_DEBUG|[392]|DEBUG|>>>>>>>>>ID_Number_2__pc> 4353436=====result=true
14:40:28.0 (202477103)|SYSTEM_MODE_ENTER|true
14:40:28.0 (202690271)|USER_DEBUG|[392]|DEBUG|>>>>>>>>>Address_ID_Issuance_Date__pc> =====result=false
14:40:28.0 (203434165)|SYSTEM_MODE_ENTER|true
14:40:28.0 (203625588)|USER_DEBUG|[392]|DEBUG|>>>>>>>>>Passport_Expiry_Date__pc> =====result=false
14:40:28.0 (204359915)|SYSTEM_MODE_ENTER|true
14:40:28.0 (204559144)|USER_DEBUG|[392]|DEBUG|>>>>>>>>>Account_Opening_Reason__pc> Salary transfer====Salary transfer=result=false
14:40:28.0 (205307596)|SYSTEM_MODE_ENTER|true
14:40:28.0 (205538954)|USER_DEBUG|[392]|DEBUG|>>>>>>>>>Employer_Address__pc> amman, amman====amman, amman=result=false
14:40:28.0 (206270906)|SYSTEM_MODE_ENTER|true
14:40:28.0 (206477991)|USER_DEBUG|[392]|DEBUG|>>>>>>>>>Employer_Country__pc> JO====JO=result=false
14:40:28.0 (207290751)|SYSTEM_MODE_ENTER|true
14:40:28.0 (207608422)|USER_DEBUG|[392]|DEBUG|>>>>>>>>>Place_of_Birth__pc> JO=====result=true
14:40:28.0 (208625194)|SYSTEM_MODE_ENTER|true
14:40:28.0 (208887536)|USER_DEBUG|[392]|DEBUG|>>>>>>>>>Place_of_birth_government__pc> jordan=====result=true
14:40:28.0 (209679919)|SYSTEM_MODE_ENTER|true
14:40:28.0 (209930387)|USER_DEBUG|[392]|DEBUG|>>>>>>>>>Occupation__pc> Testing====Testing=result=false
14:40:28.0 (210878128)|SYSTEM_MODE_ENTER|true
14:40:28.0 (211154853)|USER_DEBUG|[392]|DEBUG|>>>>>>>>>Marital_Status__pc> =====result=false
14:40:28.0 (211974048)|SYSTEM_MODE_ENTER|true
14:40:28.0 (212281925)|USER_DEBUG|[392]|DEBUG|>>>>>>>>>Passport_Number__pc> =====result=false
14:40:28.0 (213095837)|SYSTEM_MODE_ENTER|true
14:40:28.0 (213335477)|USER_DEBUG|[392]|DEBUG|>>>>>>>>>Bypass_Geo_Location_Check__pc> false====false=result=false
14:40:28.0 (214110629)|SYSTEM_MODE_ENTER|true
14:40:28.0 (214394931)|USER_DEBUG|[392]|DEBUG|>>>>>>>>>Mailing_Apartment_Number__c> 98=====result=true
14:40:28.0 (215702132)|SYSTEM_MODE_ENTER|true
14:40:28.0 (216057615)|USER_DEBUG|[392]|DEBUG|>>>>>>>>>Mailing_Building_Number__c> 89=====result=true
14:40:28.0 (217345569)|SYSTEM_MODE_ENTER|true
14:40:28.0 (217629501)|USER_DEBUG|[392]|DEBUG|>>>>>>>>>Other_Sources_of_Fund__pc> =====result=false
14:40:28.0 (218680511)|SYSTEM_MODE_ENTER|true
14:40:28.0 (218922123)|USER_DEBUG|[392]|DEBUG|>>>>>>>>>Employer_City__pc> Amman====Amman=result=false
14:40:28.0 (219695074)|SYSTEM_MODE_ENTER|true
14:40:28.0 (219918425)|USER_DEBUG|[392]|DEBUG|>>>>>>>>>Mailing_Area__c> deen=====result=true
14:40:28.0 (220693197)|SYSTEM_MODE_ENTER|true
14:40:28.0 (220890051)|USER_DEBUG|[392]|DEBUG|>>>>>>>>>Expected_Amount_Range__pc> =====result=false
14:40:28.0 (221687563)|SYSTEM_MODE_ENTER|true
14:40:28.0 (221925706)|USER_DEBUG|[392]|DEBUG|>>>>>>>>>Guardian_CIF__pc> =====result=false
14:40:28.0 (222780176)|SYSTEM_MODE_ENTER|true
14:40:28.0 (222998437)|USER_DEBUG|[392]|DEBUG|>>>>>>>>>Minor__pc> false====false=result=false
14:40:28.0 (223804500)|SYSTEM_MODE_ENTER|true
14:40:28.0 (224083683)|USER_DEBUG|[392]|DEBUG|>>>>>>>>>Guardian_CPR__pc> =====result=false
14:40:28.0 (224695494)|USER_DEBUG|[494]|DEBUG|Acc 1:Account:{Minor_Update__pc=false, ID_Number__pc=5242525, US_Indicia__pc=false, MiddleName_Update__pc=IBRAHIM MOH'D, ID_Number_Update__pc=54235363, Proof_of_Address_ID_Type_Update__pc=Bank Statement, Bypass_Geo_Location_Check_Update__pc=false, Mailing_Apartment_Number_Update__pc=90, Name=ANAS IBRAHIM MOH'D RIDA, Gross_Monthly_Income_Update__pc=750, ID_Number_2_Update__pc=9890554343, FirstName_Update__pc=ANAS, Nationality__pc=JO, Occupation_Update__pc=Testing, PersonMailingCity=Amman, PersonMailingCountry=JO, Employer_Name_Update__pc=Abc, Marital_Status_Update__pc=NEVER MARRIED, Sources_of_Funds__pc=Salary, Account_Opening_Reason__pc=Salary transfer, Place_of_birth_government__pc=jordan, Expected_Monthly_deposits__pc=750, ID_Nationality__pc=JO, PersonMailingStreet=deen, deen, 89, 98, Sources_of_Funds_Update__pc=Salary, Gross_Monthly_Income_Staff__pc=JOD 500 – JOD 999, Employer_Country_Update__pc=JO, Mailing_Building_Number_Update__pc=98, Place_of_Birth__pc=JO, Gender_Update__pc=M, Employer_Country__pc=JO, CIF__pc=10020985, PersonBirthdate=1987-10-12 00:00:00, Show_Info_Staff__pc=true, Proof_of_Address_ID_Type__pc=Bank Statement, Mailing_City_Update__pc=Amman, Employment_Status_Update__pc=Employed, Applicable_Residency_Tax_Update__pc=NO, ID_Expiry_Date__pc=2027-09-10 00:00:00, ID_Type_Update__pc=Jordanian ID, LastName=RIDA, Id=001Pw000010iZhWIAU, Mobile_Country_Code__pc=+91, Employer_Address_Update__pc=amman, amman, PersonEmail=ridaanas1+aug18@gmail.com, Occupation__pc=Testing, Mailing_Street_Update__pc=amman,amman,37,84, Employer_Name__pc=Abc, FATCA_Customer__pc=false, Place_of_Birth_Update__pc=JO, LastName_Update__pc=RIDA, Mailing_Area__c=deen, Applicable_Residency_Tax__pc=No, ID_Expiry_Date_Update__pc=2029-09-07 00:00:00, Arabic_Name_Update__pc=راحو, Mailing_Area_Update__pc=deen, ID_Number_2__pc=4353436, Expected_Monthly_deposits_Update__pc=750, Gross_Monthly_Income__pc=750, Document_Country_Update__pc=JO, Minor__pc=false, Region_Flag__c=Jordan, Place_of_birth_government_Update__pc=jordan, PersonMobilePhone=536343, RecordTypeId=0121t000000Z39kAAC, Email_Update__pc=ridaanas1+aug18@gmail.com, Arabic_Name__pc=راحو, Nationality_Update__pc=JO, ID_Similarity__pc=MATCH, Mobile_Update__pc=223432, Residency__pc=JO, FirstName=ANAS, Fatca_Customer_Update__pc=false, BirthDate_Update__pc=1987-10-12 00:00:00, Bypass_Geo_Location_Check__pc=false, Employer_City_Update__pc=Amman, MiddleName=IBRAHIM MOH'D, Mailing_Building_Number__c=89, Gender__pc=M, Residency_Update__pc=JO, Account_Opening_Reason_Update__pc=Salary transfer, Employer_City__pc=Amman, Mailing_Apartment_Number__c=98, ID_Validation_Status__pc=APPROVED_VERIFIED, Mailing_Country_Update__pc=JO, US_Indicia_Update__pc=false, Employer_Address__pc=amman, amman, ID_Type__pc=Jordanian ID, Mobile_Country_Code_Update__pc=+7365, Employment_Status__pc=Employed}
14:40:28.0 (228657139)|USER_DEBUG|[519]|DEBUG|updateAcc 2:Account:{Bypass_Validations__pc=true, Id=001Pw000010iZhWIAU, ID_Expiry_Date_Update__pc=2027-09-10 00:00:00, ID_Number_Update__pc=5242525, Mobile_Country_Code_Update__pc=+91, Mailing_Street_Update__pc=deen, deen, 89, 98, Mobile_Update__pc=536343, ID_Number_2_Update__pc=4353436, Marital_Status_Update__pc=null, Mailing_Apartment_Number_Update__pc=98, Mailing_Building_Number_Update__pc=89}
14:40:28.0 (228707042)|DML_BEGIN|[521]|Op:Update|Type:Account|Rows:1
14:40:28.0 (257206937)|CODE_UNIT_STARTED|[EXTERNAL]|Flow:Account
14:40:28.0 (257240026)|CODE_UNIT_FINISHED|Flow:Account
14:40:28.0 (258286103)|CODE_UNIT_STARTED|[EXTERNAL]|01q1t000000G9pt|Account on Account trigger event BeforeUpdate|__sfdc_trigger/Account
14:40:28.316 (316035238)|CUMULATIVE_LIMIT_USAGE
14:40:28.316 (316035238)|LIMIT_USAGE_FOR_NS|(default)|
  Number of SOQL queries: 1 out of 100
  Number of query rows: 1 out of 50000
  Number of SOSL queries: 0 out of 20
  Number of DML statements: 1 out of 150
  Number of Publish Immediate DML: 0 out of 150
  Number of DML rows: 1 out of 10000
  Maximum CPU time: 0 out of 10000
  Maximum heap size: 0 out of 10000000
  Number of callouts: 0 out of 100
  Number of Email Invocations: 0 out of 10
  Number of future calls: 0 out of 50
  Number of queueable jobs added to the queue: 0 out of 50
  Number of Mobile Apex push calls: 0 out of 10

14:40:28.316 (316035238)|CUMULATIVE_LIMIT_USAGE_END

14:40:28.0 (316270446)|CODE_UNIT_FINISHED|Account on Account trigger event BeforeUpdate|__sfdc_trigger/Account
14:40:28.0 (396519923)|CODE_UNIT_STARTED|[EXTERNAL]|Validation:PersonAccount:001Pw000010iZhW
14:40:28.0 (396553129)|VALIDATION_RULE|03dPw000003X8Zl|Require_Passport_No_When_IDType_Passport
14:40:28.0 (396708094)|VALIDATION_FORMULA|AND(
      ISPICKVAL(Region_Flag__pc, 'Jordan'),
      ISPICKVAL( ID_Type__pc , 'Passport'),
      ISBLANK( Passport_Number__pc ) 
)|Region_Flag__pc=Jordan , ID_Type__pc=Jordanian ID , Passport_Number__pc=null
14:40:28.0 (396715445)|VALIDATION_PASS
14:40:28.0 (396716926)|VALIDATION_RULE|03dPw000003X8Zm|Validate_Passport_Expiry_Date
14:40:28.0 (396813629)|VALIDATION_FORMULA|AND(
     ISPICKVAL( Region_Flag__pc , 'Jordan'),
      Passport_Expiry_Date__pc <  TODAY()  
)|Passport_Expiry_Date__pc=null , Region_Flag__pc=Jordan
14:40:28.0 (396816704)|VALIDATION_PASS
14:40:28.0 (396817573)|VALIDATION_RULE|03d1t000000INGL|Account_Info_cannot_be_edited_directly
14:40:28.0 (405633710)|VALIDATION_FORMULA|Bypass_Validations__pc = false && ISCHANGED(  Name  ) &&   $User.LastName <> "Integration" && $User.LastName <> "Pandey" && $User.LastName <> "Manickam" && $User.LastName <> "El Izmirli" && $User.Name_Change_Access__c = false|$User.LastName=Mohamed , Bypass_Validations__pc=1 , $User.Name_Change_Access__c=0 , Name=ANAS IBRAHIM MOH'D RIDA
14:40:28.0 (405653235)|VALIDATION_PASS
14:40:28.0 (405655488)|VALIDATION_RULE|03d3N000000oV4J|DisallowArchivingIfCustomerIsBlackListed
14:40:28.0 (405902118)|VALIDATION_FORMULA|ISCHANGED(Archived__pc) && Archived__pc == true && Blacklisted__c == true|Archived__pc=0 , Blacklisted__c=0
14:40:28.0 (405907165)|VALIDATION_PASS
14:40:28.0 (405909036)|VALIDATION_RULE|03d3N000000gTtg|Region_Flag_Change_Prevention
14:40:28.0 (406583799)|VALIDATION_FORMULA|AND 
(
				  NOT($Setup.Setting__c.Bypass_Validation_Rules__c),
        ISCHANGED( Region_Flag__c )  
      )|$Setup.Setting__c.Bypass_Validation_Rules__c=null , Region_Flag__c=Jordan
14:40:28.0 (406594967)|VALIDATION_PASS
14:40:28.0 (406597239)|VALIDATION_RULE|03d3N000000gTth|Region_Flag_not_Empty
14:40:28.0 (407009730)|VALIDATION_FORMULA|AND 
(
				  NOT($Setup.Setting__c.Bypass_Validation_Rules__c),
				  ISBLANK(TEXT( Region_Flag__c )))|$Setup.Setting__c.Bypass_Validation_Rules__c=null , Region_Flag__c=Jordan
14:40:28.0 (407016413)|VALIDATION_PASS
14:40:28.0 (407025012)|CODE_UNIT_FINISHED|Validation:PersonAccount:001Pw000010iZhW
14:40:28.0 (490456519)|CODE_UNIT_STARTED|[EXTERNAL]|01q1t000000G9pt|Account on Account trigger event AfterUpdate|__sfdc_trigger/Account
14:40:28.0 (492479276)|USER_DEBUG|[357]|DEBUG|accItem.RecordTypeId&#124;&#124;0121t000000Z39kAAC
14:40:28.0 (492528821)|USER_DEBUG|[358]|DEBUG|oldmap.get(accItem.Id).RecordTypeId&#124;&#124;0121t000000Z39kAAC
14:40:28.0 (492542346)|USER_DEBUG|[359]|DEBUG|recordTypeId&#124;&#124;0121t000000Z3ehAAC
14:40:28.0 (492578192)|USER_DEBUG|[361]|DEBUG|Old Account Name in after update:null
14:40:28.0 (492594152)|USER_DEBUG|[362]|DEBUG|New Account Name in after update:null
14:40:28.0 (492624574)|USER_DEBUG|[364]|DEBUG|Old Last Name in after update:RIDA
14:40:28.0 (492773256)|USER_DEBUG|[365]|DEBUG|New Last Name in after update:RIDA
14:40:28.0 (492930745)|USER_DEBUG|[388]|DEBUG|Check Recursive Run Once Value :true
14:40:28.0 (493018924)|USER_DEBUG|[411]|DEBUG|swapna==>null
14:40:28.0 (494100735)|USER_DEBUG|[503]|DEBUG|updatecaseflag==>{}
14:40:28.0 (494173712)|USER_DEBUG|[513]|DEBUG|updatecasesList==>()
14:40:28.0 (494289578)|USER_DEBUG|[521]|DEBUG|Number Of Queuable Jobs executed:0
14:40:28.0 (494346063)|USER_DEBUG|[527]|DEBUG|Number Of Queuable Jobs After Review Status executed:0
14:40:28.494 (494432282)|CUMULATIVE_LIMIT_USAGE
14:40:28.494 (494432282)|LIMIT_USAGE_FOR_NS|(default)|
  Number of SOQL queries: 1 out of 100
  Number of query rows: 1 out of 50000
  Number of SOSL queries: 0 out of 20
  Number of DML statements: 1 out of 150
  Number of Publish Immediate DML: 0 out of 150
  Number of DML rows: 1 out of 10000
  Maximum CPU time: 325 out of 10000
  Maximum heap size: 0 out of 10000000
  Number of callouts: 0 out of 100
  Number of Email Invocations: 0 out of 10
  Number of future calls: 0 out of 50
  Number of queueable jobs added to the queue: 0 out of 50
  Number of Mobile Apex push calls: 0 out of 10

14:40:28.494 (494432282)|CUMULATIVE_LIMIT_USAGE_END

14:40:28.0 (494777145)|CODE_UNIT_FINISHED|Account on Account trigger event AfterUpdate|__sfdc_trigger/Account
14:40:28.498 (498185457)|CUMULATIVE_LIMIT_USAGE
14:40:28.498 (498185457)|LIMIT_USAGE_FOR_NS|(default)|
  Number of SOQL queries: 1 out of 100
  Number of query rows: 1 out of 50000
  Number of SOSL queries: 0 out of 20
  Number of DML statements: 1 out of 150
  Number of Publish Immediate DML: 0 out of 150
  Number of DML rows: 1 out of 10000
  Maximum CPU time: 325 out of 10000
  Maximum heap size: 0 out of 10000000
  Number of callouts: 0 out of 100
  Number of Email Invocations: 0 out of 10
  Number of future calls: 0 out of 50
  Number of queueable jobs added to the queue: 0 out of 50
  Number of Mobile Apex push calls: 0 out of 10

14:40:28.498 (498185457)|CUMULATIVE_LIMIT_USAGE_END

14:40:28.0 (498954190)|CODE_UNIT_STARTED|[EXTERNAL]|Workflow:Account
14:40:28.0 (506314301)|WF_RULE_EVAL_BEGIN|Workflow
14:40:28.0 (506416032)|WF_CRITERIA_BEGIN|[Person Account: ANAS IBRAHIM MOH'D RIDA 001Pw000010iZhW]|LastMobilUpdate|01Q3N000000PdM4|ON_ALL_CHANGES|0
14:40:28.0 (507086644)|WF_FORMULA|Formula:ENCODED:[treatNullAsNull]ISCHANGED( {!ID:PersonMobilePhone} )|Values:PersonMobilePhone=null
14:40:28.0 (507109085)|WF_CRITERIA_END|false
14:40:28.0 (507153607)|WF_CRITERIA_BEGIN|[Person Account: ANAS IBRAHIM MOH'D RIDA 001Pw000010iZhW]|LastEmailUpdate|01Q3N000000PdM3|ON_ALL_CHANGES|0
14:40:28.0 (507391033)|WF_FORMULA|Formula:ENCODED:[treatNullAsNull]ISCHANGED( {!ID:PersonEmail} )|Values:PersonEmail=ridaanas1+aug18@gmail.com
14:40:28.0 (507399339)|WF_CRITERIA_END|false
14:40:28.0 (507415914)|WF_CRITERIA_BEGIN|[Person Account: ANAS IBRAHIM MOH'D RIDA 001Pw000010iZhW]|Account301Pw00000xvn8j|01QPw000007m0bB|ON_ALL_CHANGES|0
14:40:28.0 (507492699)|WF_FORMULA|Formula:ENCODED:[treatNullAsNull]true|Values:
14:40:28.0 (507498725)|WF_CRITERIA_END|true
14:40:28.0 (507863163)|WF_SPOOL_ACTION_BEGIN|Workflow
14:40:28.0 (507938765)|WF_ACTION| Flow Trigger: 1;
14:40:28.0 (507948208)|WF_RULE_EVAL_END
14:40:28.509 (509953029)|FLOW_CREATE_INTERVIEW_BEGIN|00D3N0000003Dz1|3001t000000gIom|301Pw00000xvn8j
14:40:28.509 (512643976)|FLOW_CREATE_INTERVIEW_END|3515a193216226e2db0de07b8211a061ce197-4ce6|Account
14:40:28.0 (512696092)|WF_FLOW_ACTION_BEGIN|09LPw000000XDT7
14:40:28.514 (514002682)|FLOW_START_INTERVIEWS_BEGIN|1
14:40:28.514 (514135263)|FLOW_START_INTERVIEW_BEGIN|3515a193216226e2db0de07b8211a061ce197-4ce6|Account
14:40:28.514 (651270767)|FLOW_START_INTERVIEW_END|3515a193216226e2db0de07b8211a061ce197-4ce6|Account
14:40:28.675 (675305162)|CODE_UNIT_STARTED|[EXTERNAL]|01q1t000000G9pt|Account on Account trigger event BeforeUpdate|__sfdc_trigger/Account
14:40:28.677 (677045578)|CUMULATIVE_LIMIT_USAGE
14:40:28.677 (677045578)|LIMIT_USAGE_FOR_NS|(default)|
  Number of SOQL queries: 2 out of 100
  Number of query rows: 2 out of 50000
  Number of SOSL queries: 0 out of 20
  Number of DML statements: 2 out of 150
  Number of Publish Immediate DML: 0 out of 150
  Number of DML rows: 2 out of 10000
  Maximum CPU time: 445 out of 10000
  Maximum heap size: 0 out of 10000000
  Number of callouts: 0 out of 100
  Number of Email Invocations: 0 out of 10
  Number of future calls: 0 out of 50
  Number of queueable jobs added to the queue: 0 out of 50
  Number of Mobile Apex push calls: 0 out of 10

14:40:28.677 (677045578)|CUMULATIVE_LIMIT_USAGE_END

14:40:28.675 (677279413)|CODE_UNIT_FINISHED|Account on Account trigger event BeforeUpdate|__sfdc_trigger/Account
14:40:28.681 (681678695)|CODE_UNIT_STARTED|[EXTERNAL]|Validation:PersonAccount:001Pw000010iZhW
14:40:28.681 (681706668)|VALIDATION_RULE|03dPw000003X8Zl|Require_Passport_No_When_IDType_Passport
14:40:28.681 (681901252)|VALIDATION_FORMULA|AND(
      ISPICKVAL(Region_Flag__pc, 'Jordan'),
      ISPICKVAL( ID_Type__pc , 'Passport'),
      ISBLANK( Passport_Number__pc ) 
)|Region_Flag__pc=Jordan , ID_Type__pc=Jordanian ID , Passport_Number__pc=null
14:40:28.681 (681908178)|VALIDATION_PASS
14:40:28.681 (681910175)|VALIDATION_RULE|03dPw000003X8Zm|Validate_Passport_Expiry_Date
14:40:28.681 (682037333)|VALIDATION_FORMULA|AND(
     ISPICKVAL( Region_Flag__pc , 'Jordan'),
      Passport_Expiry_Date__pc <  TODAY()  
)|Passport_Expiry_Date__pc=null , Region_Flag__pc=Jordan
14:40:28.681 (682043571)|VALIDATION_PASS
14:40:28.681 (682045209)|VALIDATION_RULE|03d1t000000INGL|Account_Info_cannot_be_edited_directly
14:40:28.681 (682756568)|VALIDATION_FORMULA|Bypass_Validations__pc = false && ISCHANGED(  Name  ) &&   $User.LastName <> "Integration" && $User.LastName <> "Pandey" && $User.LastName <> "Manickam" && $User.LastName <> "El Izmirli" && $User.Name_Change_Access__c = false|$User.LastName=Mohamed , Bypass_Validations__pc=1 , $User.Name_Change_Access__c=0 , Name=ANAS IBRAHIM MOH'D RIDA
14:40:28.681 (682770223)|VALIDATION_PASS
14:40:28.681 (682772572)|VALIDATION_RULE|03d3N000000oV4J|DisallowArchivingIfCustomerIsBlackListed
14:40:28.681 (683155072)|VALIDATION_FORMULA|ISCHANGED(Archived__pc) && Archived__pc == true && Blacklisted__c == true|Archived__pc=0 , Blacklisted__c=0
14:40:28.681 (683161622)|VALIDATION_PASS
14:40:28.681 (683163555)|VALIDATION_RULE|03d3N000000gTtg|Region_Flag_Change_Prevention
14:40:28.681 (683850293)|VALIDATION_FORMULA|AND 
(
				  NOT($Setup.Setting__c.Bypass_Validation_Rules__c),
        ISCHANGED( Region_Flag__c )  
      )|$Setup.Setting__c.Bypass_Validation_Rules__c=null , Region_Flag__c=Jordan
14:40:28.681 (683859621)|VALIDATION_PASS
14:40:28.681 (683861697)|VALIDATION_RULE|03d3N000000gTth|Region_Flag_not_Empty
14:40:28.681 (684295261)|VALIDATION_FORMULA|AND 
(
				  NOT($Setup.Setting__c.Bypass_Validation_Rules__c),
				  ISBLANK(TEXT( Region_Flag__c )))|$Setup.Setting__c.Bypass_Validation_Rules__c=null , Region_Flag__c=Jordan
14:40:28.681 (684302302)|VALIDATION_PASS
14:40:28.681 (684308999)|CODE_UNIT_FINISHED|Validation:PersonAccount:001Pw000010iZhW
14:40:28.789 (789130868)|CODE_UNIT_STARTED|[EXTERNAL]|01q1t000000G9pt|Account on Account trigger event AfterUpdate|__sfdc_trigger/Account
14:40:28.789 (792037040)|USER_DEBUG|[357]|DEBUG|accItem.RecordTypeId&#124;&#124;0121t000000Z39kAAC
14:40:28.789 (792075790)|USER_DEBUG|[358]|DEBUG|oldmap.get(accItem.Id).RecordTypeId&#124;&#124;0121t000000Z39kAAC
14:40:28.789 (792088363)|USER_DEBUG|[359]|DEBUG|recordTypeId&#124;&#124;0121t000000Z3ehAAC
14:40:28.789 (792128213)|USER_DEBUG|[361]|DEBUG|Old Account Name in after update:null
14:40:28.789 (792145329)|USER_DEBUG|[362]|DEBUG|New Account Name in after update:null
14:40:28.789 (792181232)|USER_DEBUG|[364]|DEBUG|Old Last Name in after update:RIDA
14:40:28.789 (792403582)|USER_DEBUG|[365]|DEBUG|New Last Name in after update:RIDA
14:40:28.789 (792449706)|USER_DEBUG|[388]|DEBUG|Check Recursive Run Once Value :false
14:40:28.789 (792533500)|USER_DEBUG|[411]|DEBUG|swapna==>null
14:40:28.789 (792758936)|USER_DEBUG|[503]|DEBUG|updatecaseflag==>{}
14:40:28.789 (792776117)|USER_DEBUG|[513]|DEBUG|updatecasesList==>()
14:40:28.789 (792812560)|USER_DEBUG|[521]|DEBUG|Number Of Queuable Jobs executed:0
14:40:28.789 (792828629)|USER_DEBUG|[527]|DEBUG|Number Of Queuable Jobs After Review Status executed:0
14:40:28.792 (792851728)|CUMULATIVE_LIMIT_USAGE
14:40:28.792 (792851728)|LIMIT_USAGE_FOR_NS|(default)|
  Number of SOQL queries: 2 out of 100
  Number of query rows: 2 out of 50000
  Number of SOSL queries: 0 out of 20
  Number of DML statements: 2 out of 150
  Number of Publish Immediate DML: 0 out of 150
  Number of DML rows: 2 out of 10000
  Maximum CPU time: 445 out of 10000
  Maximum heap size: 0 out of 10000000
  Number of callouts: 0 out of 100
  Number of Email Invocations: 0 out of 10
  Number of future calls: 0 out of 50
  Number of queueable jobs added to the queue: 0 out of 50
  Number of Mobile Apex push calls: 0 out of 10

14:40:28.792 (792851728)|CUMULATIVE_LIMIT_USAGE_END

14:40:28.789 (793069942)|CODE_UNIT_FINISHED|Account on Account trigger event AfterUpdate|__sfdc_trigger/Account
14:40:28.793 (793801880)|CUMULATIVE_LIMIT_USAGE
14:40:28.793 (793801880)|LIMIT_USAGE_FOR_NS|(default)|
  Number of SOQL queries: 2 out of 100
  Number of query rows: 2 out of 50000
  Number of SOSL queries: 0 out of 20
  Number of DML statements: 2 out of 150
  Number of Publish Immediate DML: 0 out of 150
  Number of DML rows: 2 out of 10000
  Maximum CPU time: 445 out of 10000
  Maximum heap size: 0 out of 10000000
  Number of callouts: 0 out of 100
  Number of Email Invocations: 0 out of 10
  Number of future calls: 0 out of 50
  Number of queueable jobs added to the queue: 0 out of 50
  Number of Mobile Apex push calls: 0 out of 10

14:40:28.793 (793801880)|CUMULATIVE_LIMIT_USAGE_END

14:40:28.514 (802448661)|FLOW_START_INTERVIEWS_END|1
14:40:28.514 (802513220)|FLOW_INTERVIEW_FINISHED|3515a193216226e2db0de07b8211a061ce197-4ce6|Account
14:40:28.0 (805174995)|WF_FLOW_ACTION_END|09LPw000000XDT7
14:40:28.0 (805456794)|WF_RULE_EVAL_BEGIN|Workflow
14:40:28.0 (805503035)|WF_CRITERIA_BEGIN|[Person Account: ANAS IBRAHIM MOH'D RIDA 001Pw000010iZhW]|LastMobilUpdate|01Q3N000000PdM4|ON_ALL_CHANGES|1
14:40:28.0 (805659454)|WF_FORMULA|Formula:ENCODED:[treatNullAsNull]ISCHANGED( {!ID:PersonMobilePhone} )|Values:PersonMobilePhone=null
14:40:28.0 (805667044)|WF_CRITERIA_END|false
14:40:28.0 (805679534)|WF_CRITERIA_BEGIN|[Person Account: ANAS IBRAHIM MOH'D RIDA 001Pw000010iZhW]|LastEmailUpdate|01Q3N000000PdM3|ON_ALL_CHANGES|1
14:40:28.0 (805722299)|WF_FORMULA|Formula:ENCODED:[treatNullAsNull]ISCHANGED( {!ID:PersonEmail} )|Values:PersonEmail=ridaanas1+aug18@gmail.com
14:40:28.0 (805725297)|WF_CRITERIA_END|false
14:40:28.0 (805730986)|WF_SPOOL_ACTION_BEGIN|Workflow
14:40:28.0 (805741446)|WF_ACTION| None
14:40:28.0 (805744165)|WF_RULE_EVAL_END
14:40:28.0 (805753332)|WF_TIME_TRIGGERS_BEGIN
14:40:28.0 (819242465)|WF_TIME_TRIGGER|[Person Account: ANAS IBRAHIM MOH'D RIDA 001Pw000010iZhW]|1 after LastModifiedDate|Alarm Workflow Time Trigger Container: 000000000000000|15:40:29.0
14:40:28.0 (819525047)|WF_TIME_TRIGGER|[Person Account: ANAS IBRAHIM MOH'D RIDA 001Pw000010iZhW]|30 after LastModifiedDate|Alarm Workflow Time Trigger Container: 000000000000000|14:40:29.0
14:40:28.0 (819716852)|WF_TIME_TRIGGER|[Person Account: ANAS IBRAHIM MOH'D RIDA 001Pw000010iZhW]|30 after LastModifiedDate|Alarm Workflow Time Trigger Container: 000000000000000|14:40:29.0
14:40:28.0 (819917543)|WF_TIME_TRIGGER|[Person Account: ANAS IBRAHIM MOH'D RIDA 001Pw000010iZhW]|30 after LastModifiedDate|Alarm Workflow Time Trigger Container: 000000000000000|14:40:29.0
14:40:28.0 (820143267)|WF_TIME_TRIGGER|[Person Account: ANAS IBRAHIM MOH'D RIDA 001Pw000010iZhW]|30 after LastModifiedDate|Alarm Workflow Time Trigger Container: 000000000000000|14:40:29.0
14:40:28.0 (820366689)|WF_TIME_TRIGGER|[Person Account: ANAS IBRAHIM MOH'D RIDA 001Pw000010iZhW]|30 after LastModifiedDate|Alarm Workflow Time Trigger Container: 000000000000000|14:40:29.0
14:40:28.0 (820532421)|WF_TIME_TRIGGER|[Person Account: ANAS IBRAHIM MOH'D RIDA 001Pw000010iZhW]|1 after LastModifiedDate|Alarm Workflow Time Trigger Container: 000000000000000|15:40:29.0
14:40:28.0 (820756697)|WF_TIME_TRIGGER|[Person Account: ANAS IBRAHIM MOH'D RIDA 001Pw000010iZhW]|30 after LastModifiedDate|Alarm Workflow Time Trigger Container: 000000000000000|14:40:29.0
14:40:28.0 (820936532)|WF_TIME_TRIGGER|[Person Account: ANAS IBRAHIM MOH'D RIDA 001Pw000010iZhW]|30 after LastModifiedDate|Alarm Workflow Time Trigger Container: 000000000000000|14:40:29.0
14:40:28.0 (821083679)|WF_TIME_TRIGGER|[Person Account: ANAS IBRAHIM MOH'D RIDA 001Pw000010iZhW]|1 after LastModifiedDate|Alarm Workflow Time Trigger Container: 000000000000000|15:40:29.0
14:40:28.0 (821176800)|WF_TIME_TRIGGER|[Person Account: ANAS IBRAHIM MOH'D RIDA 001Pw000010iZhW]|30 after LastModifiedDate|Alarm Workflow Time Trigger Container: 000000000000000|14:40:29.0
14:40:28.0 (821288277)|WF_TIME_TRIGGER|[Person Account: ANAS IBRAHIM MOH'D RIDA 001Pw000010iZhW]|30 after LastModifiedDate|Alarm Workflow Time Trigger Container: 000000000000000|14:40:29.0
14:40:28.0 (821422023)|WF_TIME_TRIGGER|[Person Account: ANAS IBRAHIM MOH'D RIDA 001Pw000010iZhW]|3 after LastModifiedDate|Alarm Workflow Time Trigger Container: 000000000000000|17:40:29.0
14:40:28.0 (821579717)|WF_TIME_TRIGGER|[Person Account: ANAS IBRAHIM MOH'D RIDA 001Pw000010iZhW]|30 after LastModifiedDate|Alarm Workflow Time Trigger Container: 000000000000000|14:40:29.0
14:40:28.0 (821724555)|WF_TIME_TRIGGER|[Person Account: ANAS IBRAHIM MOH'D RIDA 001Pw000010iZhW]|30 after LastModifiedDate|Alarm Workflow Time Trigger Container: 000000000000000|14:40:29.0
14:40:28.0 (821859200)|WF_TIME_TRIGGER|[Person Account: ANAS IBRAHIM MOH'D RIDA 001Pw000010iZhW]|30 after LastModifiedDate|Alarm Workflow Time Trigger Container: 000000000000000|14:40:29.0
14:40:28.0 (822019331)|WF_TIME_TRIGGER|[Person Account: ANAS IBRAHIM MOH'D RIDA 001Pw000010iZhW]|30 after LastModifiedDate|Alarm Workflow Time Trigger Container: 000000000000000|14:40:29.0
14:40:28.0 (822199900)|WF_TIME_TRIGGER|[Person Account: ANAS IBRAHIM MOH'D RIDA 001Pw000010iZhW]|3 after LastModifiedDate|Alarm Workflow Time Trigger Container: 000000000000000|17:40:29.0
14:40:28.0 (827541260)|WF_ACTIONS_END| Flow Trigger: 1;
14:40:28.0 (827563616)|CODE_UNIT_FINISHED|Workflow:Account
14:40:28.0 (828731693)|CODE_UNIT_STARTED|[EXTERNAL]|Flow:Account
14:40:28.832 (832110563)|FLOW_CREATE_INTERVIEW_BEGIN|00D3N0000003Dz1|3003N000000Rti4|3013N000000qwuq
14:40:28.832 (832216512)|FLOW_CREATE_INTERVIEW_END|3516a193216226e2db0de07b8211a061ce197-4ce7|Account After Save
14:40:28.833 (833015139)|FLOW_START_INTERVIEWS_BEGIN|1
14:40:28.833 (833065732)|FLOW_START_INTERVIEW_BEGIN|3516a193216226e2db0de07b8211a061ce197-4ce7|Account After Save
14:40:28.833 (833319592)|FLOW_START_INTERVIEW_END|3516a193216226e2db0de07b8211a061ce197-4ce7|Account After Save
14:40:28.877 (877223276)|CODE_UNIT_STARTED|[EXTERNAL]|01q1t000000G9pt|Account on Account trigger event BeforeUpdate|__sfdc_trigger/Account
14:40:28.878 (878582630)|CUMULATIVE_LIMIT_USAGE
14:40:28.878 (878582630)|LIMIT_USAGE_FOR_NS|(default)|
  Number of SOQL queries: 2 out of 100
  Number of query rows: 2 out of 50000
  Number of SOSL queries: 0 out of 20
  Number of DML statements: 3 out of 150
  Number of Publish Immediate DML: 0 out of 150
  Number of DML rows: 3 out of 10000
  Maximum CPU time: 597 out of 10000
  Maximum heap size: 0 out of 10000000
  Number of callouts: 0 out of 100
  Number of Email Invocations: 0 out of 10
  Number of future calls: 0 out of 50
  Number of queueable jobs added to the queue: 0 out of 50
  Number of Mobile Apex push calls: 0 out of 10

14:40:28.878 (878582630)|CUMULATIVE_LIMIT_USAGE_END

14:40:28.877 (878765794)|CODE_UNIT_FINISHED|Account on Account trigger event BeforeUpdate|__sfdc_trigger/Account
14:40:28.881 (881515874)|CODE_UNIT_STARTED|[EXTERNAL]|Validation:PersonAccount:001Pw000010iZhW
14:40:28.881 (881535068)|VALIDATION_RULE|03dPw000003X8Zl|Require_Passport_No_When_IDType_Passport
14:40:28.881 (881642615)|VALIDATION_FORMULA|AND(
      ISPICKVAL(Region_Flag__pc, 'Jordan'),
      ISPICKVAL( ID_Type__pc , 'Passport'),
      ISBLANK( Passport_Number__pc ) 
)|Region_Flag__pc=Jordan , ID_Type__pc=Jordanian ID , Passport_Number__pc=null
14:40:28.881 (881646970)|VALIDATION_PASS
14:40:28.881 (881648123)|VALIDATION_RULE|03dPw000003X8Zm|Validate_Passport_Expiry_Date
14:40:28.881 (881735552)|VALIDATION_FORMULA|AND(
     ISPICKVAL( Region_Flag__pc , 'Jordan'),
      Passport_Expiry_Date__pc <  TODAY()  
)|Passport_Expiry_Date__pc=null , Region_Flag__pc=Jordan
14:40:28.881 (881738784)|VALIDATION_PASS
14:40:28.881 (881739604)|VALIDATION_RULE|03d1t000000INGL|Account_Info_cannot_be_edited_directly
14:40:28.881 (881949563)|VALIDATION_FORMULA|Bypass_Validations__pc = false && ISCHANGED(  Name  ) &&   $User.LastName <> "Integration" && $User.LastName <> "Pandey" && $User.LastName <> "Manickam" && $User.LastName <> "El Izmirli" && $User.Name_Change_Access__c = false|$User.LastName=Mohamed , Bypass_Validations__pc=1 , $User.Name_Change_Access__c=0 , Name=ANAS IBRAHIM MOH'D RIDA
14:40:28.881 (881954538)|VALIDATION_PASS
14:40:28.881 (881955403)|VALIDATION_RULE|03d3N000000oV4J|DisallowArchivingIfCustomerIsBlackListed
14:40:28.881 (882052825)|VALIDATION_FORMULA|ISCHANGED(Archived__pc) && Archived__pc == true && Blacklisted__c == true|Archived__pc=0 , Blacklisted__c=0
14:40:28.881 (882056097)|VALIDATION_PASS
14:40:28.881 (882057010)|VALIDATION_RULE|03d3N000000gTtg|Region_Flag_Change_Prevention
14:40:28.881 (882651180)|VALIDATION_FORMULA|AND 
(
				  NOT($Setup.Setting__c.Bypass_Validation_Rules__c),
        ISCHANGED( Region_Flag__c )  
      )|$Setup.Setting__c.Bypass_Validation_Rules__c=null , Region_Flag__c=Jordan
14:40:28.881 (882659938)|VALIDATION_PASS
14:40:28.881 (882661924)|VALIDATION_RULE|03d3N000000gTth|Region_Flag_not_Empty
14:40:28.881 (882925338)|VALIDATION_FORMULA|AND 
(
				  NOT($Setup.Setting__c.Bypass_Validation_Rules__c),
				  ISBLANK(TEXT( Region_Flag__c )))|$Setup.Setting__c.Bypass_Validation_Rules__c=null , Region_Flag__c=Jordan
14:40:28.881 (882930209)|VALIDATION_PASS
14:40:28.881 (882936445)|CODE_UNIT_FINISHED|Validation:PersonAccount:001Pw000010iZhW
14:40:28.964 (964766302)|CODE_UNIT_STARTED|[EXTERNAL]|01q1t000000G9pt|Account on Account trigger event AfterUpdate|__sfdc_trigger/Account
14:40:28.964 (967807170)|USER_DEBUG|[357]|DEBUG|accItem.RecordTypeId&#124;&#124;0121t000000Z39kAAC
14:40:28.964 (967851650)|USER_DEBUG|[358]|DEBUG|oldmap.get(accItem.Id).RecordTypeId&#124;&#124;0121t000000Z39kAAC
14:40:28.964 (967865993)|USER_DEBUG|[359]|DEBUG|recordTypeId&#124;&#124;0121t000000Z3ehAAC
14:40:28.964 (967900425)|USER_DEBUG|[361]|DEBUG|Old Account Name in after update:null
14:40:28.964 (967912655)|USER_DEBUG|[362]|DEBUG|New Account Name in after update:null
14:40:28.964 (967930378)|USER_DEBUG|[364]|DEBUG|Old Last Name in after update:RIDA
14:40:28.964 (968059688)|USER_DEBUG|[365]|DEBUG|New Last Name in after update:RIDA
14:40:28.964 (968100196)|USER_DEBUG|[388]|DEBUG|Check Recursive Run Once Value :false
14:40:28.964 (968158398)|USER_DEBUG|[411]|DEBUG|swapna==>null
14:40:28.964 (968399712)|USER_DEBUG|[503]|DEBUG|updatecaseflag==>{}
14:40:28.964 (968423611)|USER_DEBUG|[513]|DEBUG|updatecasesList==>()
14:40:28.964 (968458277)|USER_DEBUG|[521]|DEBUG|Number Of Queuable Jobs executed:0
14:40:28.964 (968478845)|USER_DEBUG|[527]|DEBUG|Number Of Queuable Jobs After Review Status executed:0
14:40:28.968 (968507319)|CUMULATIVE_LIMIT_USAGE
14:40:28.968 (968507319)|LIMIT_USAGE_FOR_NS|(default)|
  Number of SOQL queries: 2 out of 100
  Number of query rows: 2 out of 50000
  Number of SOSL queries: 0 out of 20
  Number of DML statements: 3 out of 150
  Number of Publish Immediate DML: 0 out of 150
  Number of DML rows: 3 out of 10000
  Maximum CPU time: 597 out of 10000
  Maximum heap size: 0 out of 10000000
  Number of callouts: 0 out of 100
  Number of Email Invocations: 0 out of 10
  Number of future calls: 0 out of 50
  Number of queueable jobs added to the queue: 0 out of 50
  Number of Mobile Apex push calls: 0 out of 10

14:40:28.968 (968507319)|CUMULATIVE_LIMIT_USAGE_END

14:40:28.964 (968709460)|CODE_UNIT_FINISHED|Account on Account trigger event AfterUpdate|__sfdc_trigger/Account
14:40:28.969 (969438512)|CUMULATIVE_LIMIT_USAGE
14:40:28.969 (969438512)|LIMIT_USAGE_FOR_NS|(default)|
  Number of SOQL queries: 2 out of 100
  Number of query rows: 2 out of 50000
  Number of SOSL queries: 0 out of 20
  Number of DML statements: 3 out of 150
  Number of Publish Immediate DML: 0 out of 150
  Number of DML rows: 3 out of 10000
  Maximum CPU time: 597 out of 10000
  Maximum heap size: 0 out of 10000000
  Number of callouts: 0 out of 100
  Number of Email Invocations: 0 out of 10
  Number of future calls: 0 out of 50
  Number of queueable jobs added to the queue: 0 out of 50
  Number of Mobile Apex push calls: 0 out of 10

14:40:28.969 (969438512)|CUMULATIVE_LIMIT_USAGE_END

14:40:28.833 (971502458)|FLOW_START_INTERVIEWS_END|1
14:40:28.833 (971710063)|FLOW_INTERVIEW_FINISHED|3516a193216226e2db0de07b8211a061ce197-4ce7|Account After Save
14:40:28.975 (975238271)|FLOW_CREATE_INTERVIEW_BEGIN|00D3N0000003Dz1|3003N000000QXpo|301Pw00000NVqbQ
14:40:28.975 (975293648)|FLOW_CREATE_INTERVIEW_END|3519a193216226e2db0de07b8211a061ce197-4cea|Update Dormancy Date
14:40:28.975 (975811852)|FLOW_START_INTERVIEWS_BEGIN|1
14:40:28.975 (975839721)|FLOW_START_INTERVIEW_BEGIN|3519a193216226e2db0de07b8211a061ce197-4cea|Update Dormancy Date
14:40:28.975 (975996536)|FLOW_START_INTERVIEW_END|3519a193216226e2db0de07b8211a061ce197-4cea|Update Dormancy Date
14:40:28.975 (976715316)|FLOW_START_INTERVIEWS_END|1
14:40:28.975 (976832273)|FLOW_INTERVIEW_FINISHED|3519a193216226e2db0de07b8211a061ce197-4cea|Update Dormancy Date
14:40:28.979 (979872399)|FLOW_CREATE_INTERVIEW_BEGIN|00D3N0000003Dz1|300Pw00000Fn5gS|301Pw00000QVfr8
14:40:28.979 (979917048)|FLOW_CREATE_INTERVIEW_END|3520a193216226e2db0de07b8211a061ce197-4ceb|Account After Update
14:40:28.980 (980457742)|FLOW_START_INTERVIEWS_BEGIN|1
14:40:28.980 (980496901)|FLOW_START_INTERVIEW_BEGIN|3520a193216226e2db0de07b8211a061ce197-4ceb|Account After Update
14:40:28.980 (980670064)|FLOW_START_INTERVIEW_END|3520a193216226e2db0de07b8211a061ce197-4ceb|Account After Update
14:40:28.980 (981240819)|FLOW_START_INTERVIEWS_END|1
14:40:28.980 (981539357)|FLOW_INTERVIEW_FINISHED|3520a193216226e2db0de07b8211a061ce197-4ceb|Account After Update
14:40:28.0 (983334419)|CODE_UNIT_FINISHED|Flow:Account
14:40:28.0 (983481536)|CODE_UNIT_STARTED|[EXTERNAL]|Flow:Account
14:40:28.0 (987583861)|CODE_UNIT_FINISHED|Flow:Account
14:40:28.0 (989717966)|DML_END|[521]
14:40:28.0 (990278436)|USER_DEBUG|[417]|DEBUG|>>>>>>>>successResponse:[errorData=, isSuccess=true, recordLength=null, responseData=null]
14:40:29.37 (1037244789)|CUMULATIVE_LIMIT_USAGE
14:40:29.37 (1037244789)|LIMIT_USAGE_FOR_NS|(default)|
  Number of SOQL queries: 2 out of 100
  Number of query rows: 2 out of 50000
  Number of SOSL queries: 0 out of 20
  Number of DML statements: 3 out of 150
  Number of Publish Immediate DML: 0 out of 150
  Number of DML rows: 3 out of 10000
  Maximum CPU time: 707 out of 10000
  Maximum heap size: 0 out of 10000000
  Number of callouts: 0 out of 100
  Number of Email Invocations: 0 out of 10
  Number of future calls: 0 out of 50
  Number of queueable jobs added to the queue: 0 out of 50
  Number of Mobile Apex push calls: 0 out of 10

14:40:29.37 (1037244789)|CUMULATIVE_LIMIT_USAGE_END

14:40:29.37 (1037276457)|CODE_UNIT_FINISHED|UserProfileController.doSaveFieldUpdate(Account)
14:40:29.37 (1037555904)|CODE_UNIT_FINISHED|apex://UserProfileController/ACTION$doSaveFieldUpdate
14:40:29.37 (1037564654)|EXECUTION_FINISHED
