68.0 APEX_CODE,DEBUG;APEX_PROFILING,INFO;CALLOUT,INFO;DATA_ACCESS,NONE;DB,INFO;NBA,INFO;SYSTEM,INFO;VALIDATION,INFO;VISUALFORCE,INFO;WAVE,INFO;WORKFLOW,INFO
15:32:54.0 (294165)|USER_INFO|[EXTERNAL]|0053N000006tZLM|khazi.jahangeer@ilabank.com.uatx|(GMT+03:00) Arabian Standard Time (Asia/Kuwait)|GMT+03:00
15:32:54.0 (324441)|EXECUTION_STARTED
15:32:54.0 (329878)|CODE_UNIT_STARTED|[EXTERNAL]|apex://UserProfileController/ACTION$isWatiqueUpload
15:32:54.0 (5463500)|CODE_UNIT_STARTED|[EXTERNAL]|01p1t00000MLZX9|UserProfileController.isWatiqueUpload(String)
15:32:54.0 (9568717)|SYSTEM_MODE_ENTER|true
15:32:54.0 (9620403)|SYSTEM_MODE_EXIT|true
15:32:54.0 (9651168)|SYSTEM_MODE_ENTER|true
15:32:54.0 (9660812)|SYSTEM_MODE_EXIT|true
15:32:54.0 (9663990)|SYSTEM_MODE_ENTER|true
15:32:54.0 (9666482)|SYSTEM_MODE_EXIT|true
15:32:54.0 (11473959)|SOQL_EXECUTE_BEGIN|[586]|Aggregations:0|SELECT Id, AccountId FROM Case WHERE Id = :tmpVar1
15:32:54.0 (19714008)|SOQL_EXECUTE_END|[586]|Rows:1
15:32:54.0 (21538884)|SOQL_EXECUTE_BEGIN|[587]|Aggregations:1|SELECT Id, (SELECT Id, Document_Type__c FROM Content__r WHERE Document_Type__c = 'Wathiq Consent Form') FROM Account WHERE Id = :tmpVar1
15:32:54.0 (37794666)|SOQL_EXECUTE_END|[587]|Rows:1
15:32:54.38 (38113694)|CUMULATIVE_LIMIT_USAGE
15:32:54.38 (38113694)|LIMIT_USAGE_FOR_NS|(default)|
  Number of SOQL queries: 2 out of 100
  Number of query rows: 2 out of 50000
  Number of SOSL queries: 0 out of 20
  Number of DML statements: 0 out of 150
  Number of Publish Immediate DML: 0 out of 150
  Number of DML rows: 0 out of 10000
  Maximum CPU time: 0 out of 10000
  Maximum heap size: 0 out of 10000000
  Number of callouts: 0 out of 100
  Number of Email Invocations: 0 out of 10
  Number of future calls: 0 out of 50
  Number of queueable jobs added to the queue: 0 out of 50
  Number of Mobile Apex push calls: 0 out of 10

15:32:54.38 (38113694)|CUMULATIVE_LIMIT_USAGE_END

15:32:54.0 (38135024)|CODE_UNIT_FINISHED|UserProfileController.isWatiqueUpload(String)
15:32:54.0 (38389478)|CODE_UNIT_FINISHED|apex://UserProfileController/ACTION$isWatiqueUpload
15:32:54.0 (38397750)|EXECUTION_FINISHED
