68.0 APEX_CODE,DEBUG;APEX_PROFILING,INFO;CALLOUT,INFO;DATA_ACCESS,NONE;DB,INFO;NBA,INFO;SYSTEM,INFO;VALIDATION,INFO;VISUALFORCE,INFO;WAVE,INFO;WORKFLOW,INFO
14:36:59.0 (244003)|USER_INFO|[EXTERNAL]|0053N000006tZLM|khazi.jahangeer@ilabank.com.uatx|(GMT+03:00) Arabian Standard Time (Asia/Kuwait)|GMT+03:00
14:36:59.0 (292972)|EXECUTION_STARTED
14:36:59.0 (306597)|CODE_UNIT_STARTED|[EXTERNAL]|apex://UserProfileController/ACTION$loadCusProVisibility
14:36:59.0 (3708041)|CODE_UNIT_STARTED|[EXTERNAL]|01p1t00000MLZX9|UserProfileController.loadCusProVisibility()
14:36:59.0 (7326819)|SYSTEM_MODE_ENTER|true
14:36:59.0 (7378217)|SYSTEM_MODE_EXIT|true
14:36:59.0 (7430021)|SYSTEM_MODE_ENTER|true
14:36:59.0 (7443035)|SYSTEM_MODE_EXIT|true
14:36:59.0 (7446586)|SYSTEM_MODE_ENTER|true
14:36:59.0 (7449355)|SYSTEM_MODE_EXIT|true
14:36:59.11 (11432315)|CUMULATIVE_LIMIT_USAGE
14:36:59.11 (11432315)|LIMIT_USAGE_FOR_NS|(default)|
  Number of SOQL queries: 0 out of 100
  Number of query rows: 0 out of 50000
  Number of SOSL queries: 0 out of 20
  Number of DML statements: 0 out of 0
  Number of Publish Immediate DML: 0 out of 150
  Number of DML rows: 0 out of 10000
  Maximum CPU time: 0 out of 10000
  Maximum heap size: 0 out of 10000000
  Number of callouts: 0 out of 100
  Number of Email Invocations: 0 out of 10
  Number of future calls: 0 out of 50
  Number of queueable jobs added to the queue: 0 out of 50
  Number of Mobile Apex push calls: 0 out of 10

14:36:59.11 (11432315)|CUMULATIVE_LIMIT_USAGE_END

14:36:59.0 (11474296)|CODE_UNIT_FINISHED|UserProfileController.loadCusProVisibility()
14:36:59.0 (11728038)|CODE_UNIT_FINISHED|apex://UserProfileController/ACTION$loadCusProVisibility
14:36:59.0 (11736927)|EXECUTION_FINISHED
