67.0 APEX_CODE,DEBUG;APEX_PROFILING,INFO;CALLOUT,INFO;DATA_ACCESS,NONE;DB,INFO;NBA,INFO;SYSTEM,INFO;VALIDATION,INFO;VISUALFORCE,INFO;WAVE,INFO;WORKFLOW,INFO
19:00:39.1 (1645288)|USER_INFO|[EXTERNAL]|0053N000006tZLM|khazi.jahangeer@ilabank.com.uatx|(GMT+03:00) Arabian Standard Time (Asia/Kuwait)|GMT+03:00
19:00:39.1 (1692962)|EXECUTION_STARTED
19:00:39.1 (1710319)|CODE_UNIT_STARTED|[EXTERNAL]|apex://CaseCommentController/ACTION$getRecentCaseComments
19:00:39.1 (5032771)|CODE_UNIT_STARTED|[EXTERNAL]|01pPw000005ArWP|CaseCommentController.getRecentCaseComments(String)
19:00:39.1 (7374941)|SYSTEM_MODE_ENTER|true
19:00:39.1 (7769999)|SYSTEM_MODE_EXIT|true
19:00:39.1 (7788113)|SYSTEM_MODE_ENTER|true
19:00:39.1 (17090647)|SOQL_EXECUTE_BEGIN|[7]|Aggregations:0|SELECT ParentId, COUNT(Id) commentCount FROM CaseComment WHERE Parent.AccountId = :tmpVar1 GROUP BY ParentId
19:00:39.1 (29822882)|SOQL_EXECUTE_END|[7]|Rows:0
19:00:39.1 (32204065)|SOQL_EXECUTE_BEGIN|[18]|Aggregations:0|SELECT Id, CommentBody, ParentId, CreatedDate, Parent.CaseNumber, Parent.CreatedBy.Name, Parent.Recent_Updates__c, CreatedBy.Name FROM CaseComment WHERE (Parent.AccountId = :tmpVar1 AND ParentId IN (SELECT Id FROM Case WHERE AccountId = :tmpVar2) AND Parent.Recent_Updates__c = TRUE) ORDER BY LastModifiedDate DESC NULLS FIRST LIMIT 100
19:00:39.1 (47871065)|SOQL_EXECUTE_END|[18]|Rows:0
19:00:39.1 (60203482)|SOQL_EXECUTE_BEGIN|[31]|Aggregations:0|SELECT Id, ParentId FROM FeedItem WHERE (ParentId = :tmpVar1 AND Type = 'CaseCommentPost')
19:00:39.1 (64476522)|SOQL_EXECUTE_END|[31]|Rows:0
19:00:39.1 (324071402)|SOQL_EXECUTE_BEGIN|[43]|Aggregations:0|SELECT FeedItemId, CommentBody, CreatedDate, CreatedBy.Name FROM FeedComment WHERE FeedItemId IN (SELECT Id FROM FeedItem WHERE ParentId = :tmpVar1) ORDER BY CreatedDate DESC NULLS FIRST
19:00:39.1 (327769087)|SOQL_EXECUTE_END|[43]|Rows:0
19:00:39.1 (328298818)|USER_DEBUG|[93]|DEBUG|Final caseCommentsList: ()
19:00:39.1 (331102028)|SYSTEM_MODE_EXIT|true
19:00:39.333 (333035030)|CUMULATIVE_LIMIT_USAGE
19:00:39.333 (333035030)|LIMIT_USAGE_FOR_NS|(default)|
  Number of SOQL queries: 4 out of 100
  Number of query rows: 0 out of 50000
  Number of SOSL queries: 0 out of 20
  Number of DML statements: 0 out of 0
  Number of Publish Immediate DML: 0 out of 150
  Number of DML rows: 0 out of 10000
  Maximum CPU time: 0 out of 10000
  Maximum heap size: 0 out of 6000000
  Number of callouts: 0 out of 100
  Number of Email Invocations: 0 out of 10
  Number of future calls: 0 out of 50
  Number of queueable jobs added to the queue: 0 out of 50
  Number of Mobile Apex push calls: 0 out of 10

19:00:39.333 (333035030)|CUMULATIVE_LIMIT_USAGE_END

19:00:39.1 (333089896)|CODE_UNIT_FINISHED|CaseCommentController.getRecentCaseComments(String)
19:00:39.1 (333349915)|CODE_UNIT_FINISHED|apex://CaseCommentController/ACTION$getRecentCaseComments
19:00:39.1 (333359949)|EXECUTION_FINISHED
